Component: ARM Compiler 5.06 update 5 (build 528) Tool: armlink [4d35e2]

==============================================================================

Section Cross References

    startup_stm32f407xx.o(STACK) refers (Special) to heapauxi.o(.text) for __use_two_region_memory
    startup_stm32f407xx.o(HEAP) refers (Special) to heapauxi.o(.text) for __use_two_region_memory
    startup_stm32f407xx.o(RESET) refers (Special) to heapauxi.o(.text) for __use_two_region_memory
    startup_stm32f407xx.o(RESET) refers to startup_stm32f407xx.o(STACK) for __initial_sp
    startup_stm32f407xx.o(RESET) refers to startup_stm32f407xx.o(.text) for Reset_Handler
    startup_stm32f407xx.o(RESET) refers to stm32f4xx_it.o(i.NMI_Handler) for NMI_Handler
    startup_stm32f407xx.o(RESET) refers to stm32f4xx_it.o(i.HardFault_Handler) for HardFault_Handler
    startup_stm32f407xx.o(RESET) refers to stm32f4xx_it.o(i.MemManage_Handler) for MemManage_Handler
    startup_stm32f407xx.o(RESET) refers to stm32f4xx_it.o(i.BusFault_Handler) for BusFault_Handler
    startup_stm32f407xx.o(RESET) refers to stm32f4xx_it.o(i.UsageFault_Handler) for UsageFault_Handler
    startup_stm32f407xx.o(RESET) refers to port.o(.emb_text) for SVC_Handler
    startup_stm32f407xx.o(RESET) refers to stm32f4xx_it.o(i.DebugMon_Handler) for DebugMon_Handler
    startup_stm32f407xx.o(RESET) refers to stm32f4xx_it.o(i.SysTick_Handler) for SysTick_Handler
    startup_stm32f407xx.o(RESET) refers to stm32f4xx_it.o(i.EXTI0_IRQHandler) for EXTI0_IRQHandler
    startup_stm32f407xx.o(RESET) refers to stm32f4xx_it.o(i.EXTI3_IRQHandler) for EXTI3_IRQHandler
    startup_stm32f407xx.o(RESET) refers to stm32f4xx_it.o(i.EXTI4_IRQHandler) for EXTI4_IRQHandler
    startup_stm32f407xx.o(RESET) refers to stm32f4xx_it.o(i.CAN1_RX0_IRQHandler) for CAN1_RX0_IRQHandler
    startup_stm32f407xx.o(RESET) refers to stm32f4xx_it.o(i.EXTI9_5_IRQHandler) for EXTI9_5_IRQHandler
    startup_stm32f407xx.o(RESET) refers to nuccommu.o(i.USART1_IRQHandler) for USART1_IRQHandler
    startup_stm32f407xx.o(RESET) refers to remote_control.o(i.USART3_IRQHandler) for USART3_IRQHandler
    startup_stm32f407xx.o(RESET) refers to bsp_i2c.o(i.DMA1_Stream7_IRQHandler) for DMA1_Stream7_IRQHandler
    startup_stm32f407xx.o(RESET) refers to stm32f4xx_it.o(i.DMA2_Stream1_IRQHandler) for DMA2_Stream1_IRQHandler
    startup_stm32f407xx.o(RESET) refers to stm32f4xx_it.o(i.CAN2_RX0_IRQHandler) for CAN2_RX0_IRQHandler
    startup_stm32f407xx.o(RESET) refers to stm32f4xx_it.o(i.OTG_FS_IRQHandler) for OTG_FS_IRQHandler
    startup_stm32f407xx.o(RESET) refers to stm32f4xx_it.o(i.DMA2_Stream5_IRQHandler) for DMA2_Stream5_IRQHandler
    startup_stm32f407xx.o(RESET) refers to stm32f4xx_it.o(i.DMA2_Stream6_IRQHandler) for DMA2_Stream6_IRQHandler
    startup_stm32f407xx.o(RESET) refers to stm32f4xx_it.o(i.DMA2_Stream7_IRQHandler) for DMA2_Stream7_IRQHandler
    startup_stm32f407xx.o(RESET) refers to referee_usart_task.o(i.USART6_IRQHandler) for USART6_IRQHandler
    startup_stm32f407xx.o(.text) refers (Special) to heapauxi.o(.text) for __use_two_region_memory
    startup_stm32f407xx.o(.text) refers to system_stm32f4xx.o(i.SystemInit) for SystemInit
    startup_stm32f407xx.o(.text) refers to __main.o(!!!main) for __main
    startup_stm32f407xx.o(.text) refers to startup_stm32f407xx.o(HEAP) for Heap_Mem
    startup_stm32f407xx.o(.text) refers to startup_stm32f407xx.o(STACK) for Stack_Mem
    main.o(i.SystemClock_Config) refers to rt_memclr_w.o(.text) for __aeabi_memclr4
    main.o(i.SystemClock_Config) refers to stm32f4xx_hal_rcc.o(i.HAL_RCC_OscConfig) for HAL_RCC_OscConfig
    main.o(i.SystemClock_Config) refers to stm32f4xx_hal_rcc.o(i.HAL_RCC_ClockConfig) for HAL_RCC_ClockConfig
    main.o(i.SystemClock_Config) refers to stm32f4xx_hal_rcc_ex.o(i.HAL_RCCEx_PeriphCLKConfig) for HAL_RCCEx_PeriphCLKConfig
    main.o(i.main) refers to stm32f4xx_hal.o(i.HAL_Init) for HAL_Init
    main.o(i.main) refers to main.o(i.SystemClock_Config) for SystemClock_Config
    main.o(i.main) refers to gpio.o(i.MX_GPIO_Init) for MX_GPIO_Init
    main.o(i.main) refers to dma.o(i.MX_DMA_Init) for MX_DMA_Init
    main.o(i.main) refers to adc.o(i.MX_ADC1_Init) for MX_ADC1_Init
    main.o(i.main) refers to adc.o(i.MX_ADC3_Init) for MX_ADC3_Init
    main.o(i.main) refers to can.o(i.MX_CAN1_Init) for MX_CAN1_Init
    main.o(i.main) refers to can.o(i.MX_CAN2_Init) for MX_CAN2_Init
    main.o(i.main) refers to i2c.o(i.MX_I2C1_Init) for MX_I2C1_Init
    main.o(i.main) refers to spi.o(i.MX_SPI1_Init) for MX_SPI1_Init
    main.o(i.main) refers to tim.o(i.MX_TIM4_Init) for MX_TIM4_Init
    main.o(i.main) refers to tim.o(i.MX_TIM5_Init) for MX_TIM5_Init
    main.o(i.main) refers to usart.o(i.MX_USART3_UART_Init) for MX_USART3_UART_Init
    main.o(i.main) refers to tim.o(i.MX_TIM8_Init) for MX_TIM8_Init
    main.o(i.main) refers to crc.o(i.MX_CRC_Init) for MX_CRC_Init
    main.o(i.main) refers to rng.o(i.MX_RNG_Init) for MX_RNG_Init
[...]
    0x080002b0   0x080002b0   0x00000006   Code   RO        13096    .ARM.Collect$$_printf_percent$$00000013  c_w.l(_printf_c.o)
    0x080002b6   0x080002b6   0x00000006   Code   RO        13097    .ARM.Collect$$_printf_percent$$00000014  c_w.l(_printf_s.o)
    0x080002bc   0x080002bc   0x00000006   Code   RO        13115    .ARM.Collect$$_printf_percent$$00000015  c_w.l(_printf_lc.o)
    0x080002c2   0x080002c2   0x00000006   Code   RO        13116    .ARM.Collect$$_printf_percent$$00000016  c_w.l(_printf_ls.o)
    0x080002c8   0x080002c8   0x00000004   Code   RO        13302    .ARM.Collect$$_printf_percent$$00000017  c_w.l(_printf_percent_end.o)
    0x080002cc   0x080002cc   0x00000002   Code   RO        13389    .ARM.Collect$$libinit$$00000000  c_w.l(libinit.o)
    0x080002ce   0x080002ce   0x00000004   Code   RO        13121    .ARM.Collect$$libinit$$00000001  c_w.l(libinit2.o)
    0x080002d2   0x080002d2   0x00000000   Code   RO        13124    .ARM.Collect$$libinit$$00000004  c_w.l(libinit2.o)
    0x080002d2   0x080002d2   0x00000008   Code   RO        13125    .ARM.Collect$$libinit$$00000005  c_w.l(libinit2.o)
    0x080002da   0x080002da   0x00000000   Code   RO        13127    .ARM.Collect$$libinit$$0000000A  c_w.l(libinit2.o)
    0x080002da   0x080002da   0x00000000   Code   RO        13129    .ARM.Collect$$libinit$$0000000C  c_w.l(libinit2.o)
    0x080002da   0x080002da   0x00000000   Code   RO        13131    .ARM.Collect$$libinit$$0000000E  c_w.l(libinit2.o)
    0x080002da   0x080002da   0x00000006   Code   RO        13132    .ARM.Collect$$libinit$$0000000F  c_w.l(libinit2.o)
    0x080002e0   0x080002e0   0x00000000   Code   RO        13134    .ARM.Collect$$libinit$$00000011  c_w.l(libinit2.o)
    0x080002e0   0x080002e0   0x0000000c   Code   RO        13135    .ARM.Collect$$libinit$$00000012  c_w.l(libinit2.o)
    0x080002ec   0x080002ec   0x00000000   Code   RO        13136    .ARM.Collect$$libinit$$00000013  c_w.l(libinit2.o)
    0x080002ec   0x080002ec   0x00000000   Code   RO        13138    .ARM.Collect$$libinit$$00000015  c_w.l(libinit2.o)
    0x080002ec   0x080002ec   0x0000000a   Code   RO        13139    .ARM.Collect$$libinit$$00000016  c_w.l(libinit2.o)
    0x080002f6   0x080002f6   0x00000000   Code   RO        13140    .ARM.Collect$$libinit$$00000017  c_w.l(libinit2.o)
    0x080002f6   0x080002f6   0x00000000   Code   RO        13142    .ARM.Collect$$libinit$$00000019  c_w.l(libinit2.o)
    0x080002f6   0x080002f6   0x00000000   Code   RO        13144    .ARM.Collect$$libinit$$0000001B  c_w.l(libinit2.o)
    0x080002f6   0x080002f6   0x00000000   Code   RO        13146    .ARM.Collect$$libinit$$0000001D  c_w.l(libinit2.o)
    0x080002f6   0x080002f6   0x00000000   Code   RO        13148    .ARM.Collect$$libinit$$0000001F  c_w.l(libinit2.o)
    0x080002f6   0x080002f6   0x00000000   Code   RO        13150    .ARM.Collect$$libinit$$00000021  c_w.l(libinit2.o)
    0x080002f6   0x080002f6   0x00000000   Code   RO        13152    .ARM.Collect$$libinit$$00000023  c_w.l(libinit2.o)
    0x080002f6   0x080002f6   0x00000000   Code   RO        13154    .ARM.Collect$$libinit$$00000025  c_w.l(libinit2.o)
    0x080002f6   0x080002f6   0x00000000   Code   RO        13158    .ARM.Collect$$libinit$$0000002C  c_w.l(libinit2.o)
    0x080002f6   0x080002f6   0x00000000   Code   RO        13160    .ARM.Collect$$libinit$$0000002E  c_w.l(libinit2.o)
    0x080002f6   0x080002f6   0x00000000   Code   RO        13162    .ARM.Collect$$libinit$$00000030  c_w.l(libinit2.o)
    0x080002f6   0x080002f6   0x00000000   Code   RO        13164    .ARM.Collect$$libinit$$00000032  c_w.l(libinit2.o)
    0x080002f6   0x080002f6   0x00000002   Code   RO        13165    .ARM.Collect$$libinit$$00000033  c_w.l(libinit2.o)
    0x080002f8   0x080002f8   0x00000002   Code   RO        13452    .ARM.Collect$$libshutdown$$00000000  c_w.l(libshutdown.o)
    0x080002fa   0x080002fa   0x00000000   Code   RO        13410    .ARM.Collect$$libshutdown$$00000002  c_w.l(libshutdown2.o)
    0x080002fa   0x080002fa   0x00000000   Code   RO        13412    .ARM.Collect$$libshutdown$$00000004  c_w.l(libshutdown2.o)
    0x080002fa   0x080002fa   0x00000000   Code   RO        13415    .ARM.Collect$$libshutdown$$00000007  c_w.l(libshutdown2.o)
    0x080002fa   0x080002fa   0x00000000   Code   RO        13418    .ARM.Collect$$libshutdown$$0000000A  c_w.l(libshutdown2.o)
    0x080002fa   0x080002fa   0x00000000   Code   RO        13420    .ARM.Collect$$libshutdown$$0000000C  c_w.l(libshutdown2.o)
    0x080002fa   0x080002fa   0x00000000   Code   RO        13423    .ARM.Collect$$libshutdown$$0000000F  c_w.l(libshutdown2.o)
    0x080002fa   0x080002fa   0x00000002   Code   RO        13424    .ARM.Collect$$libshutdown$$00000010  c_w.l(libshutdown2.o)
    0x080002fc   0x080002fc   0x00000000   Code   RO        12996    .ARM.Collect$$rtentry$$00000000  c_w.l(__rtentry.o)
    0x080002fc   0x080002fc   0x00000000   Code   RO        13256    .ARM.Collect$$rtentry$$00000002  c_w.l(__rtentry2.o)
    0x080002fc   0x080002fc   0x00000006   Code   RO        13268    .ARM.Collect$$rtentry$$00000004  c_w.l(__rtentry4.o)
    0x08000302   0x08000302   0x00000000   Code   RO        13258    .ARM.Collect$$rtentry$$00000009  c_w.l(__rtentry2.o)
    0x08000302   0x08000302   0x00000004   Code   RO        13259    .ARM.Collect$$rtentry$$0000000A  c_w.l(__rtentry2.o)
    0x08000306   0x08000306   0x00000000   Code   RO        13261    .ARM.Collect$$rtentry$$0000000C  c_w.l(__rtentry2.o)
    0x08000306   0x08000306   0x00000008   Code   RO        13262    .ARM.Collect$$rtentry$$0000000D  c_w.l(__rtentry2.o)
    0x0800030e   0x0800030e   0x00000002   Code   RO        13392    .ARM.Collect$$rtexit$$00000000  c_w.l(rtexit.o)
    0x08000310   0x08000310   0x00000000   Code   RO        13428    .ARM.Collect$$rtexit$$00000002  c_w.l(rtexit2.o)
    0x08000310   0x08000310   0x00000004   Code   RO        13429    .ARM.Collect$$rtexit$$00000003  c_w.l(rtexit2.o)
    0x08000314   0x08000314   0x00000006   Code   RO        13430    .ARM.Collect$$rtexit$$00000004  c_w.l(rtexit2.o)
    0x0800031a   0x0800031a   0x00000002   PAD
    0x0800031c   0x0800031c   0x000000be   Code   RO        12010    .emb_text           port.o
    0x080003da   0x080003da   0x00000002   PAD
    0x080003dc   0x080003dc   0x00000000   Code   RO        13279    .emb_text           c_w.l(maybetermalloc1.o)
    0x080003dc   0x080003dc   0x00000040   Code   RO            4    .text               startup_stm32f407xx.o
    0x0800041c   0x0800041c   0x00000078   Code   RO        12459    .text               arm_cortexM4lf_math.lib(arm_cos_f32.o)
    0x08000494   0x08000494   0x00000074   Code   RO        12512    .text               arm_cortexM4lf_math.lib(arm_sin_f32.o)
    0x08000508   0x08000508   0x00000108   Code   RO        12536    .text               arm_cortexM4lf_math.lib(arm_mat_add_f32.o)
    0x08000610   0x08000610   0x00000008   Code   RO        12560    .text               arm_cortexM4lf_math.lib(arm_mat_init_f32.o)
    0x08000618   0x08000618   0x00000530   Code   RO        12584    .text               arm_cortexM4lf_math.lib(arm_mat_inverse_f32.o)
    0x08000b48   0x08000b48   0x0000013c   Code   RO        12608    .text               arm_cortexM4lf_math.lib(arm_mat_mult_f32.o)
    0x08000c84   0x08000c84   0x00000108   Code   RO        12632    .text               arm_cortexM4lf_math.lib(arm_mat_sub_f32.o)
    0x08000d8c   0x08000d8c   0x00000114   Code   RO        12656    .text               arm_cortexM4lf_math.lib(arm_mat_trans_f32.o)
    0x08000ea0   0x08000ea0   0x0000005e   Code   RO        12765    .text               c_w.l(h1_alloc.o)
    0x08000efe   0x08000efe   0x0000004e   Code   RO        12767    .text               c_w.l(h1_free.o)
    0x08000f4c   0x08000f4c   0x000000ee   Code   RO        12823    .text               c_w.l(lludivv7m.o)
    0x0800103a   0x0800103a   0x00000002   PAD
    0x0800103c   0x0800103c   0x00000024   Code   RO        12825    .text               c_w.l(vsprintf.o)
    0x08001060   0x08001060   0x0000008a   Code   RO        12834    .text               c_w.l(rt_memcpy_v6.o)
    0x080010ea   0x080010ea   0x00000064   Code   RO        12836    .text               c_w.l(rt_memcpy_w.o)
    0x0800114e   0x0800114e   0x00000010   Code   RO        12840    .text               c_w.l(aeabi_memset.o)
    0x0800115e   0x0800115e   0x00000044   Code   RO        12842    .text               c_w.l(rt_memclr.o)
    0x080011a2   0x080011a2   0x0000004e   Code   RO        12844    .text               c_w.l(rt_memclr_w.o)
    0x080011f0   0x080011f0   0x00000006   Code   RO        12846    .text               c_w.l(heapauxi.o)
    0x080011f6   0x080011f6   0x00000002   PAD
    0x080011f8   0x080011f8   0x00000008   Code   RO        13004    .text               c_w.l(rt_heap_descriptor_intlibspace.o)
    0x08001200   0x08001200   0x00000004   Code   RO        13006    .text               c_w.l(hguard.o)
    0x08001204   0x08001204   0x0000008a   Code   RO        13008    .text               c_w.l(init_alloc.o)
    0x0800128e   0x0800128e   0x0000000e   Code   RO        13012    .text               c_w.l(h1_init.o)
    0x0800129c   0x0800129c   0x00000016   Code   RO        13026    .text               c_w.l(_rserrno.o)
    0x080012b2   0x080012b2   0x0000004e   Code   RO        13030    .text               c_w.l(_printf_pad.o)
    0x08001300   0x08001300   0x00000024   Code   RO        13032    .text               c_w.l(_printf_truncate.o)
    0x08001324   0x08001324   0x00000052   Code   RO        13034    .text               c_w.l(_printf_str.o)
    0x08001376   0x08001376   0x00000002   PAD
    0x08001378   0x08001378   0x00000078   Code   RO        13036    .text               c_w.l(_printf_dec.o)
    0x080013f0   0x080013f0   0x00000028   Code   RO        13038    .text               c_w.l(_printf_charcount.o)
    0x08001418   0x08001418   0x00000030   Code   RO        13040    .text               c_w.l(_printf_char_common.o)
    0x08001448   0x08001448   0x0000000a   Code   RO        13042    .text               c_w.l(_sputc.o)
    0x08001452   0x08001452   0x00000002   PAD
    0x08001454   0x08001454   0x000000bc   Code   RO        13044    .text               c_w.l(_printf_wctomb.o)
    0x08001510   0x08001510   0x0000007c   Code   RO        13047    .text               c_w.l(_printf_longlong_dec.o)
    0x0800158c   0x0800158c   0x00000070   Code   RO        13053    .text               c_w.l(_printf_oct_int_ll.o)
    0x080015fc   0x080015fc   0x00000094   Code   RO        13073    .text               c_w.l(_printf_hex_int_ll_ptr.o)
    0x08001690   0x08001690   0x00000188   Code   RO        13093    .text               c_w.l(__printf_flags_ss_wp.o)
    0x08001818   0x08001818   0x00000008   Code   RO        13252    .text               c_w.l(libspace.o)
    0x08001820   0x08001820   0x00000008   Code   RO        13275    .text               c_w.l(rt_errno_addr_intlibspace.o)
    0x08001828   0x08001828   0x00000034   Code   RO        13281    .text               c_w.l(h1_extend.o)
    0x0800185c   0x0800185c   0x0000008a   Code   RO        13285    .text               c_w.l(lludiv10.o)
    0x080018e6   0x080018e6   0x00000002   PAD
    0x080018e8   0x080018e8   0x00000030   Code   RO        13287    .text               c_w.l(_fptrap.o)
    0x08001918   0x08001918   0x000000b2   Code   RO        13289    .text               c_w.l(_printf_intcommon.o)
    0x080019ca   0x080019ca   0x0000041e   Code   RO        13291    .text               c_w.l(_printf_fp_dec.o)
    0x08001de8   0x08001de8   0x000002fc   Code   RO        13293    .text               c_w.l(_printf_fp_hex.o)
    0x080020e4   0x080020e4   0x0000002c   Code   RO        13298    .text               c_w.l(_printf_char.o)
    0x08002110   0x08002110   0x0000002c   Code   RO        13300    .text               c_w.l(_printf_wchar.o)
    0x0800213c   0x0800213c   0x00000040   Code   RO        13303    .text               c_w.l(_wcrtomb.o)
    0x0800217c   0x0800217c   0x0000000e   Code   RO        13305    .text               c_w.l(defsig_rtmem_outer.o)
    0x0800218a   0x0800218a   0x00000002   Code   RO        13324    .text               c_w.l(use_no_semi.o)
    0x0800218c   0x0800218c   0x00000000   Code   RO        13326    .text               c_w.l(indicate_semi.o)
    0x0800218c   0x0800218c   0x0000004a   Code   RO        13327    .text               c_w.l(sys_stackheap_outer.o)
    0x080021d6   0x080021d6   0x00000002   PAD
    0x080021d8   0x080021d8   0x00000010   Code   RO        13329    .text               c_w.l(rt_ctype_table.o)
    0x080021e8   0x080021e8   0x00000008   Code   RO        13336    .text               c_w.l(rt_locale_intlibspace.o)
    0x080021f0   0x080021f0   0x00000080   Code   RO        13340    .text               c_w.l(_printf_fp_infnan.o)
    0x08002270   0x08002270   0x000000e4   Code   RO        13342    .text               c_w.l(bigflt0.o)
    0x08002354   0x08002354   0x00000012   Code   RO        13370    .text               c_w.l(exit.o)
    0x08002366   0x08002366   0x0000000a   Code   RO        13372    .text               c_w.l(defsig_exit.o)
    0x08002370   0x08002370   0x0000000e   Code   RO        13374    .text               c_w.l(defsig_fpe_outer.o)
    0x0800237e   0x0800237e   0x00000002   PAD
    0x08002380   0x08002380   0x00000050   Code   RO        13378    .text               c_w.l(defsig_rtmem_inner.o)
    0x080023d0   0x080023d0   0x0000000c   Code   RO        13390    .text               c_w.l(sys_exit.o)
    0x080023dc   0x080023dc   0x00000032   Code   RO        13403    .text               c_w.l(defsig_general.o)
    0x0800240e   0x0800240e   0x00000002   PAD
    0x08002410   0x08002410   0x000000ac   Code   RO        13405    .text               c_w.l(defsig_fpe_inner.o)
    0x080024bc   0x080024bc   0x00000080   Code   RO        13407    .text               c_w.l(strcmpv7m.o)
    0x0800253c   0x0800253c   0x0000000e   Code   RO        13425    .text               c_w.l(sys_wrch.o)
    0x0800254a   0x0800254a   0x0000003e   Code   RO        13345    CL$$btod_d2e        c_w.l(btod.o)
    0x08002588   0x08002588   0x00000046   Code   RO        13347    CL$$btod_d2e_denorm_low  c_w.l(btod.o)
    0x080025ce   0x080025ce   0x00000060   Code   RO        13346    CL$$btod_d2e_norm_op1  c_w.l(btod.o)
    0x0800262e   0x0800262e   0x00000338   Code   RO        13355    CL$$btod_div_common  c_w.l(btod.o)
    0x08002966   0x08002966   0x000000dc   Code   RO        13352    CL$$btod_e2e        c_w.l(btod.o)
    0x08002a42   0x08002a42   0x0000002a   Code   RO        13349    CL$$btod_ediv       c_w.l(btod.o)
    0x08002a6c   0x08002a6c   0x0000002a   Code   RO        13348    CL$$btod_emul       c_w.l(btod.o)
    0x08002a96   0x08002a96   0x00000244   Code   RO        13354    CL$$btod_mult_common  c_w.l(btod.o)
    0x08002cda   0x08002cda   0x00000002   PAD
    0x08002cdc   0x08002cdc   0x00000128   Code   RO         7596    i.ADC_Init          stm32f4xx_hal_adc.o
    0x08002e04   0x08002e04   0x00000010   Code   RO         5068    i.BMI088_ACCEL_NS_H  bmi088middleware.o
    0x08002e14   0x08002e14   0x00000010   Code   RO         5069    i.BMI088_ACCEL_NS_L  bmi088middleware.o
    0x08002e24   0x08002e24   0x00000010   Code   RO         5070    i.BMI088_GYRO_NS_H  bmi088middleware.o
    0x08002e34   0x08002e34   0x00000010   Code   RO         5071    i.BMI088_GYRO_NS_L  bmi088middleware.o
    0x08002e44   0x08002e44   0x000001ac   Code   RO         4987    i.BMI088_Read       bmi088driver.o
    0x08002ff0   0x08002ff0   0x00000080   Code   RO         4988    i.BMI088_init       bmi088driver.o
    0x08003070   0x08003070   0x00000024   Code   RO         4989    i.BMI088_read_muli_reg  bmi088driver.o
    0x08003094   0x08003094   0x00000016   Code   RO         4990    i.BMI088_read_single_reg  bmi088driver.o
    0x080030aa   0x080030aa   0x00000002   PAD
    0x080030ac   0x080030ac   0x00000024   Code   RO         5072    i.BMI088_read_write_byte  bmi088middleware.o
    0x080030d0   0x080030d0   0x00000012   Code   RO         4991    i.BMI088_write_single_reg  bmi088driver.o
    0x080030e2   0x080030e2   0x000000ea   Code   RO         3044    i.BodyFrameToEarthFrame  ins_task.o
    0x080031cc   0x080031cc   0x00000002   Code   RO         1707    i.BusFault_Handler  stm32f4xx_it.o
    0x080031ce   0x080031ce   0x00000002   PAD
    0x080031d0   0x080031d0   0x0000000c   Code   RO         1708    i.CAN1_RX0_IRQHandler  stm32f4xx_it.o
    0x080031dc   0x080031dc   0x00000144   Code   RO         4521    i.CAN1_send_channel  can_receive.o
    0x08003320   0x08003320   0x0000000c   Code   RO         1709    i.CAN2_RX0_IRQHandler  stm32f4xx_it.o
    0x0800332c   0x0800332c   0x00000048   Code   RO         4527    i.CAN_cmd_gimbal    can_receive.o
    0x08003374   0x08003374   0x00000044   Code   RO         4528    i.CAN_cmd_shoot     can_receive.o
    0x080033b8   0x080033b8   0x00000404   Code   RO         4992    i.Calibrate_MPU_Offset  bmi088driver.o
    0x080037bc   0x080037bc   0x00000058   Code   RO         2323    i.DMA1_Stream7_IRQHandler  bsp_i2c.o
    0x08003814   0x08003814   0x0000000c   Code   RO         1710    i.DMA2_Stream1_IRQHandler  stm32f4xx_it.o
    0x08003820   0x08003820   0x0000000c   Code   RO         1711    i.DMA2_Stream5_IRQHandler  stm32f4xx_it.o
    0x0800382c   0x0800382c   0x0000000c   Code   RO         1712    i.DMA2_Stream6_IRQHandler  stm32f4xx_it.o
    0x08003838   0x08003838   0x0000000c   Code   RO         1713    i.DMA2_Stream7_IRQHandler  stm32f4xx_it.o
    0x08003844   0x08003844   0x00000028   Code   RO         6923    i.DMA_CalcBaseAndBitshift  stm32f4xx_hal_dma.o
    0x0800386c   0x0800386c   0x00000054   Code   RO         6924    i.DMA_CheckFifoParam  stm32f4xx_hal_dma.o
    0x080038c0   0x080038c0   0x00000028   Code   RO         2665    i.DWT_CNT_Update    bsp_dwt.o
    0x080038e8   0x080038e8   0x00000034   Code   RO         2666    i.DWT_Delay         bsp_dwt.o
    0x0800391c   0x0800391c   0x00000044   Code   RO         2667    i.DWT_GetDeltaT     bsp_dwt.o
    0x08003960   0x08003960   0x00000044   Code   RO         2670    i.DWT_GetTimeline_s  bsp_dwt.o
    0x080039a4   0x080039a4   0x00000048   Code   RO         2672    i.DWT_Init          bsp_dwt.o
    0x080039ec   0x080039ec   0x00000094   Code   RO         2673    i.DWT_SysTimeUpdate  bsp_dwt.o
    0x08003a80   0x08003a80   0x00000002   Code   RO         1714    i.DebugMon_Handler  stm32f4xx_it.o
    0x08003a82   0x08003a82   0x00000002   PAD
    0x08003a84   0x08003a84   0x00000022   Code   RO         3912    i.ECDFormat         naive_gimbal_task.o
    0x08003aa6   0x08003aa6   0x00000002   PAD
    0x08003aa8   0x08003aa8   0x00000022   Code   RO         4317    i.ECDFormat         naive_shoot_task.o
    0x08003aca   0x08003aca   0x00000006   Code   RO         1715    i.EXTI0_IRQHandler  stm32f4xx_it.o
    0x08003ad0   0x08003ad0   0x00000006   Code   RO         1716    i.EXTI3_IRQHandler  stm32f4xx_it.o
    0x08003ad6   0x08003ad6   0x00000006   Code   RO         1717    i.EXTI4_IRQHandler  stm32f4xx_it.o
    0x08003adc   0x08003adc   0x00000006   Code   RO         1718    i.EXTI9_5_IRQHandler  stm32f4xx_it.o
    0x08003ae2   0x08003ae2   0x000000ea   Code   RO         3045    i.EarthFrameToBodyFrame  ins_task.o
    0x08003bcc   0x08003bcc   0x0000002e   Code   RO         4222    i.Encode1           nuccommu.o
    0x08003bfa   0x08003bfa   0x00000020   Code   RO         4223    i.Encode2           nuccommu.o
    0x08003c1a   0x08003c1a   0x00000002   Code   RO           13    i.Error_Handler     main.o
    0x08003c1c   0x08003c1c   0x0000014c   Code   RO         7598    i.HAL_ADC_ConfigChannel  stm32f4xx_hal_adc.o
    0x08003d68   0x08003d68   0x00000054   Code   RO         7607    i.HAL_ADC_Init      stm32f4xx_hal_adc.o
    0x08003dbc   0x08003dbc   0x0000007c   Code   RO          715    i.HAL_ADC_MspInit   adc.o
    0x08003e38   0x08003e38   0x00000024   Code   RO         7869    i.HAL_CAN_ActivateNotification  stm32f4xx_hal_can.o
    0x08003e5c   0x08003e5c   0x000000c8   Code   RO         7870    i.HAL_CAN_AddTxMessage  stm32f4xx_hal_can.o
    0x08003f24   0x08003f24   0x0000010c   Code   RO         7871    i.HAL_CAN_ConfigFilter  stm32f4xx_hal_can.o
    0x08004030   0x08004030   0x00000002   Code   RO         7874    i.HAL_CAN_ErrorCallback  stm32f4xx_hal_can.o
    0x08004032   0x08004032   0x000000e8   Code   RO         7877    i.HAL_CAN_GetRxMessage  stm32f4xx_hal_can.o
    0x0800411a   0x0800411a   0x000001fc   Code   RO         7881    i.HAL_CAN_IRQHandler  stm32f4xx_hal_can.o
    0x08004316   0x08004316   0x0000011a   Code   RO         7882    i.HAL_CAN_Init      stm32f4xx_hal_can.o
    0x08004430   0x08004430   0x000000fc   Code   RO          763    i.HAL_CAN_MspInit   can.o
    0x0800452c   0x0800452c   0x00000002   Code   RO         7889    i.HAL_CAN_RxFifo0FullCallback  stm32f4xx_hal_can.o
    0x0800452e   0x0800452e   0x00000002   PAD
    0x08004530   0x08004530   0x000000e8   Code   RO         4531    i.HAL_CAN_RxFifo0MsgPendingCallback  can_receive.o
    0x08004618   0x08004618   0x00000002   Code   RO         7891    i.HAL_CAN_RxFifo1FullCallback  stm32f4xx_hal_can.o
    0x0800461a   0x0800461a   0x00000002   Code   RO         7892    i.HAL_CAN_RxFifo1MsgPendingCallback  stm32f4xx_hal_can.o
    0x0800461c   0x0800461c   0x00000002   Code   RO         7893    i.HAL_CAN_SleepCallback  stm32f4xx_hal_can.o
    0x0800461e   0x0800461e   0x00000002   PAD
    0x08004620   0x08004620   0x00000058   Code   RO         7894    i.HAL_CAN_Start     stm32f4xx_hal_can.o
    0x08004678   0x08004678   0x00000002   Code   RO         7896    i.HAL_CAN_TxMailbox0AbortCallback  stm32f4xx_hal_can.o
    0x0800467a   0x0800467a   0x00000002   Code   RO         7897    i.HAL_CAN_TxMailbox0CompleteCallback  stm32f4xx_hal_can.o
    0x0800467c   0x0800467c   0x00000002   Code   RO         7898    i.HAL_CAN_TxMailbox1AbortCallback  stm32f4xx_hal_can.o
    0x0800467e   0x0800467e   0x00000002   Code   RO         7899    i.HAL_CAN_TxMailbox1CompleteCallback  stm32f4xx_hal_can.o
    0x08004680   0x08004680   0x00000002   Code   RO         7900    i.HAL_CAN_TxMailbox2AbortCallback  stm32f4xx_hal_can.o
    0x08004682   0x08004682   0x00000002   Code   RO         7901    i.HAL_CAN_TxMailbox2CompleteCallback  stm32f4xx_hal_can.o
    0x08004684   0x08004684   0x00000002   Code   RO         7903    i.HAL_CAN_WakeUpFromRxMsgCallback  stm32f4xx_hal_can.o
    0x08004686   0x08004686   0x00000026   Code   RO         8106    i.HAL_CRC_Init      stm32f4xx_hal_crc.o
    0x080046ac   0x080046ac   0x00000028   Code   RO          812    i.HAL_CRC_MspInit   crc.o
    0x080046d4   0x080046d4   0x000001a0   Code   RO         6931    i.HAL_DMA_IRQHandler  stm32f4xx_hal_dma.o
    0x08004874   0x08004874   0x000000d4   Code   RO         6932    i.HAL_DMA_Init      stm32f4xx_hal_dma.o
    0x08004948   0x08004948   0x00000024   Code   RO         7345    i.HAL_Delay         stm32f4xx_hal.o
    0x0800496c   0x0800496c   0x00000002   Code   RO         6817    i.HAL_GPIO_EXTI_Callback  stm32f4xx_hal_gpio.o
    0x0800496e   0x0800496e   0x00000002   PAD
    0x08004970   0x08004970   0x00000018   Code   RO         6818    i.HAL_GPIO_EXTI_IRQHandler  stm32f4xx_hal_gpio.o
    0x08004988   0x08004988   0x000001b0   Code   RO         6819    i.HAL_GPIO_Init     stm32f4xx_hal_gpio.o
    0x08004b38   0x08004b38   0x0000000a   Code   RO         6823    i.HAL_GPIO_WritePin  stm32f4xx_hal_gpio.o
    0x08004b42   0x08004b42   0x00000002   PAD
    0x08004b44   0x08004b44   0x0000000c   Code   RO         7351    i.HAL_GetTick       stm32f4xx_hal.o
    0x08004b50   0x08004b50   0x00000174   Code   RO         8173    i.HAL_I2C_Init      stm32f4xx_hal_i2c.o
    0x08004cc4   0x08004cc4   0x0000012c   Code   RO         8186    i.HAL_I2C_Master_Transmit  stm32f4xx_hal_i2c.o
    0x08004df0   0x08004df0   0x00000164   Code   RO          878    i.HAL_I2C_MspInit   i2c.o
    0x08004f54   0x08004f54   0x00000010   Code   RO         7357    i.HAL_IncTick       stm32f4xx_hal.o
    0x08004f64   0x08004f64   0x00000034   Code   RO         7358    i.HAL_Init          stm32f4xx_hal.o
    0x08004f98   0x08004f98   0x00000040   Code   RO         7359    i.HAL_InitTick      stm32f4xx_hal.o
    0x08004fd8   0x08004fd8   0x00000038   Code   RO         1846    i.HAL_MspInit       stm32f4xx_hal_msp.o
    0x08005010   0x08005010   0x0000001a   Code   RO         7208    i.HAL_NVIC_EnableIRQ  stm32f4xx_hal_cortex.o
    0x0800502a   0x0800502a   0x00000002   PAD
    0x0800502c   0x0800502c   0x00000040   Code   RO         7214    i.HAL_NVIC_SetPriority  stm32f4xx_hal_cortex.o
    0x0800506c   0x0800506c   0x00000024   Code   RO         7215    i.HAL_NVIC_SetPriorityGrouping  stm32f4xx_hal_cortex.o
    0x08005090   0x08005090   0x00000024   Code   RO         7216    i.HAL_NVIC_SystemReset  stm32f4xx_hal_cortex.o
    0x080050b4   0x080050b4   0x00000002   Code   RO         6123    i.HAL_PCDEx_LPM_Callback  stm32f4xx_hal_pcd_ex.o
    0x080050b6   0x080050b6   0x00000008   Code   RO         1375    i.HAL_PCD_ConnectCallback  usbd_conf.o
    0x080050be   0x080050be   0x00000012   Code   RO         1376    i.HAL_PCD_DataInStageCallback  usbd_conf.o
    0x080050d0   0x080050d0   0x00000014   Code   RO         1377    i.HAL_PCD_DataOutStageCallback  usbd_conf.o
    0x080050e4   0x080050e4   0x00000008   Code   RO         1378    i.HAL_PCD_DisconnectCallback  usbd_conf.o
    0x080050ec   0x080050ec   0x0000005c   Code   RO         5912    i.HAL_PCD_EP_ClrStall  stm32f4xx_hal_pcd.o
    0x08005148   0x08005148   0x00000060   Code   RO         5915    i.HAL_PCD_EP_Open   stm32f4xx_hal_pcd.o
    0x080051a8   0x080051a8   0x00000048   Code   RO         5916    i.HAL_PCD_EP_Receive  stm32f4xx_hal_pcd.o
    0x080051f0   0x080051f0   0x00000074   Code   RO         5917    i.HAL_PCD_EP_SetStall  stm32f4xx_hal_pcd.o
    0x08005264   0x08005264   0x00000040   Code   RO         5918    i.HAL_PCD_EP_Transmit  stm32f4xx_hal_pcd.o
    0x080052a4   0x080052a4   0x00000464   Code   RO         5920    i.HAL_PCD_IRQHandler  stm32f4xx_hal_pcd.o
    0x08005708   0x08005708   0x00000008   Code   RO         1379    i.HAL_PCD_ISOINIncompleteCallback  usbd_conf.o
    0x08005710   0x08005710   0x00000008   Code   RO         1380    i.HAL_PCD_ISOOUTIncompleteCallback  usbd_conf.o
    0x08005718   0x08005718   0x0000002c   Code   RO         1383    i.HAL_PCD_ResetCallback  usbd_conf.o
    0x08005744   0x08005744   0x00000008   Code   RO         1384    i.HAL_PCD_ResumeCallback  usbd_conf.o
    0x0800574c   0x0800574c   0x00000008   Code   RO         1385    i.HAL_PCD_SOFCallback  usbd_conf.o
    0x08005754   0x08005754   0x00000028   Code   RO         5929    i.HAL_PCD_SetAddress  stm32f4xx_hal_pcd.o
    0x0800577c   0x0800577c   0x0000000e   Code   RO         1386    i.HAL_PCD_SetupStageCallback  usbd_conf.o
    0x0800578a   0x0800578a   0x00000002   PAD
    0x0800578c   0x0800578c   0x00000030   Code   RO         1387    i.HAL_PCD_SuspendCallback  usbd_conf.o
    0x080057bc   0x080057bc   0x0000013c   Code   RO         6570    i.HAL_RCCEx_PeriphCLKConfig  stm32f4xx_hal_rcc_ex.o
    0x080058f8   0x080058f8   0x00000130   Code   RO         6465    i.HAL_RCC_ClockConfig  stm32f4xx_hal_rcc.o
    0x08005a28   0x08005a28   0x0000000c   Code   RO         6470    i.HAL_RCC_GetHCLKFreq  stm32f4xx_hal_rcc.o
    0x08005a34   0x08005a34   0x00000020   Code   RO         6472    i.HAL_RCC_GetPCLK1Freq  stm32f4xx_hal_rcc.o
    0x08005a54   0x08005a54   0x00000020   Code   RO         6473    i.HAL_RCC_GetPCLK2Freq  stm32f4xx_hal_rcc.o
    0x08005a74   0x08005a74   0x00000064   Code   RO         6474    i.HAL_RCC_GetSysClockFreq  stm32f4xx_hal_rcc.o
    0x08005ad8   0x08005ad8   0x0000031c   Code   RO         6477    i.HAL_RCC_OscConfig  stm32f4xx_hal_rcc.o
    0x08005df4   0x08005df4   0x00000032   Code   RO         8611    i.HAL_RNG_Init      stm32f4xx_hal_rng.o
    0x08005e26   0x08005e26   0x00000002   PAD
    0x08005e28   0x08005e28   0x00000028   Code   RO         1060    i.HAL_RNG_MspInit   rng.o
    0x08005e50   0x08005e50   0x000000ac   Code   RO         8712    i.HAL_RTC_Init      stm32f4xx_hal_rtc.o
    0x08005efc   0x08005efc   0x00000018   Code   RO         1102    i.HAL_RTC_MspInit   rtc.o
    0x08005f14   0x08005f14   0x00000036   Code   RO         8720    i.HAL_RTC_WaitForSynchro  stm32f4xx_hal_rtc.o
    0x08005f4a   0x08005f4a   0x00000080   Code   RO         9080    i.HAL_SPI_Init      stm32f4xx_hal_spi.o
    0x08005fca   0x08005fca   0x00000002   PAD
    0x08005fcc   0x08005fcc   0x00000148   Code   RO         1144    i.HAL_SPI_MspInit   spi.o
    0x08006114   0x08006114   0x000001e2   Code   RO         9089    i.HAL_SPI_TransmitReceive  stm32f4xx_hal_spi.o
    0x080062f6   0x080062f6   0x00000028   Code   RO         7219    i.HAL_SYSTICK_Config  stm32f4xx_hal_cortex.o
    0x0800631e   0x0800631e   0x00000054   Code   RO        10071    i.HAL_TIMEx_ConfigBreakDeadTime  stm32f4xx_hal_tim_ex.o
    0x08006372   0x08006372   0x00000042   Code   RO        10086    i.HAL_TIMEx_MasterConfigSynchronization  stm32f4xx_hal_tim_ex.o
    0x080063b4   0x080063b4   0x00000036   Code   RO         9393    i.HAL_TIM_Base_Init  stm32f4xx_hal_tim.o
    0x080063ea   0x080063ea   0x00000002   PAD
    0x080063ec   0x080063ec   0x000000ac   Code   RO         1192    i.HAL_TIM_Base_MspInit  tim.o
    0x08006498   0x08006498   0x00000024   Code   RO         9396    i.HAL_TIM_Base_Start  stm32f4xx_hal_tim.o
    0x080064bc   0x080064bc   0x000000d6   Code   RO         9402    i.HAL_TIM_ConfigClockSource  stm32f4xx_hal_tim.o
    0x08006592   0x08006592   0x00000002   PAD
    0x08006594   0x08006594   0x00000204   Code   RO         1193    i.HAL_TIM_MspPostInit  tim.o
    0x08006798   0x08006798   0x000000d0   Code   RO         9460    i.HAL_TIM_PWM_ConfigChannel  stm32f4xx_hal_tim.o
    0x08006868   0x08006868   0x00000036   Code   RO         9463    i.HAL_TIM_PWM_Init  stm32f4xx_hal_tim.o
    0x0800689e   0x0800689e   0x00000002   Code   RO         9465    i.HAL_TIM_PWM_MspInit  stm32f4xx_hal_tim.o
    0x080068a0   0x080068a0   0x00000044   Code   RO         9468    i.HAL_TIM_PWM_Start  stm32f4xx_hal_tim.o
    0x080068e4   0x080068e4   0x00000062   Code   RO        10344    i.HAL_UART_Init     stm32f4xx_hal_uart.o
    0x08006946   0x08006946   0x00000002   PAD
    0x08006948   0x08006948   0x00000268   Code   RO         1270    i.HAL_UART_MspInit  usart.o
    0x08006bb0   0x08006bb0   0x000000ba   Code   RO        10352    i.HAL_UART_Transmit  stm32f4xx_hal_uart.o
    0x08006c6a   0x08006c6a   0x00000002   PAD
    0x08006c6c   0x08006c6c   0x000000fc   Code   RO         5279    i.H_K_R_Adjustment  kalman_filter.o
    0x08006d68   0x08006d68   0x00000004   Code   RO         1719    i.HardFault_Handler  stm32f4xx_it.o
    0x08006d6c   0x08006d6c   0x00000024   Code   RO         2324    i.I2C2_DMA_transmit  bsp_i2c.o
    0x08006d90   0x08006d90   0x00000070   Code   RO         2325    i.I2C2_tx_DMA_enable  bsp_i2c.o
    0x08006e00   0x08006e00   0x0000002e   Code   RO         8215    i.I2C_IsAcknowledgeFailed  stm32f4xx_hal_i2c.o
    0x08006e2e   0x08006e2e   0x00000002   PAD
    0x08006e30   0x08006e30   0x00000088   Code   RO         8219    i.I2C_MasterRequestWrite  stm32f4xx_hal_i2c.o
    0x08006eb8   0x08006eb8   0x000000a8   Code   RO         2327    i.I2C_TX_DMA_START  bsp_i2c.o
    0x08006f60   0x08006f60   0x0000004c   Code   RO         8228    i.I2C_WaitOnBTFFlagUntilTimeout  stm32f4xx_hal_i2c.o
    0x08006fac   0x08006fac   0x00000068   Code   RO         8229    i.I2C_WaitOnFlagUntilTimeout  stm32f4xx_hal_i2c.o
    0x08007014   0x08007014   0x00000096   Code   RO         8230    i.I2C_WaitOnMasterAddressFlagUntilTimeout  stm32f4xx_hal_i2c.o
    0x080070aa   0x080070aa   0x0000004c   Code   RO         8232    i.I2C_WaitOnTXEFlagUntilTimeout  stm32f4xx_hal_i2c.o
    0x080070f6   0x080070f6   0x00000002   PAD
    0x080070f8   0x080070f8   0x00000244   Code   RO         3047    i.IMU_Param_Correction  ins_task.o
    0x0800733c   0x0800733c   0x00000158   Code   RO         5365    i.IMU_QuaternionEKF_F_Linearization_P_Fading  quaternionekf.o
    0x08007494   0x08007494   0x000000dc   Code   RO         5366    i.IMU_QuaternionEKF_Init  quaternionekf.o
    0x08007570   0x08007570   0x00000034   Code   RO         5367    i.IMU_QuaternionEKF_Observe  quaternionekf.o
    0x080075a4   0x080075a4   0x000000c4   Code   RO         5368    i.IMU_QuaternionEKF_SetH  quaternionekf.o
    0x08007668   0x08007668   0x00000418   Code   RO         5369    i.IMU_QuaternionEKF_Update  quaternionekf.o
    0x08007a80   0x08007a80   0x000003b8   Code   RO         5370    i.IMU_QuaternionEKF_xhatUpdate  quaternionekf.o
    0x08007e38   0x08007e38   0x00000060   Code   RO         3048    i.IMU_Temperature_Ctrl  ins_task.o
    0x08007e98   0x08007e98   0x000000b8   Code   RO         3049    i.INS_Init          ins_task.o
    0x08007f50   0x08007f50   0x0000021c   Code   RO         3050    i.INS_Task          ins_task.o
    0x0800816c   0x0800816c   0x000003e8   Code   RO         5280    i.Kalman_Filter_Init  kalman_filter.o
    0x08008554   0x08008554   0x00000048   Code   RO         5281    i.Kalman_Filter_Measure  kalman_filter.o
    0x0800859c   0x0800859c   0x0000006a   Code   RO         5282    i.Kalman_Filter_P_Update  kalman_filter.o
    0x08008606   0x08008606   0x0000006c   Code   RO         5283    i.Kalman_Filter_PminusUpdate  kalman_filter.o
    0x08008672   0x08008672   0x000000cc   Code   RO         5284    i.Kalman_Filter_SetK  kalman_filter.o
    0x0800873e   0x0800873e   0x00000002   PAD
    0x08008740   0x08008740   0x000000e8   Code   RO         5285    i.Kalman_Filter_Update  kalman_filter.o
    0x08008828   0x08008828   0x00000074   Code   RO         5286    i.Kalman_Filter_xhatMinusUpdate  kalman_filter.o
    0x0800889c   0x0800889c   0x00000084   Code   RO         5287    i.Kalman_Filter_xhatUpdate  kalman_filter.o
    0x08008920   0x08008920   0x00000064   Code   RO          716    i.MX_ADC1_Init      adc.o
    0x08008984   0x08008984   0x00000064   Code   RO          717    i.MX_ADC3_Init      adc.o
    0x080089e8   0x080089e8   0x00000044   Code   RO          764    i.MX_CAN1_Init      can.o
    0x08008a2c   0x08008a2c   0x00000044   Code   RO          765    i.MX_CAN2_Init      can.o
    0x08008a70   0x08008a70   0x00000024   Code   RO          813    i.MX_CRC_Init       crc.o
    0x08008a94   0x08008a94   0x000000ac   Code   RO          853    i.MX_DMA_Init       dma.o
    0x08008b40   0x08008b40   0x000000d8   Code   RO          410    i.MX_FREERTOS_Init  freertos.o
    0x08008c18   0x08008c18   0x000001cc   Code   RO          386    i.MX_GPIO_Init      gpio.o
    0x08008de4   0x08008de4   0x00000040   Code   RO          879    i.MX_I2C1_Init      i2c.o
    0x08008e24   0x08008e24   0x00000040   Code   RO          880    i.MX_I2C2_Init      i2c.o
    0x08008e64   0x08008e64   0x00000040   Code   RO          881    i.MX_I2C3_Init      i2c.o
    0x08008ea4   0x08008ea4   0x00000024   Code   RO         1061    i.MX_RNG_Init       rng.o
    0x08008ec8   0x08008ec8   0x00000038   Code   RO         1103    i.MX_RTC_Init       rtc.o
    0x08008f00   0x08008f00   0x00000048   Code   RO         1145    i.MX_SPI1_Init      spi.o
    0x08008f48   0x08008f48   0x00000048   Code   RO         1146    i.MX_SPI2_Init      spi.o
    0x08008f90   0x08008f90   0x00000064   Code   RO         1194    i.MX_TIM10_Init     tim.o
    0x08008ff4   0x08008ff4   0x000000fc   Code   RO         1195    i.MX_TIM1_Init      tim.o
    0x080090f0   0x080090f0   0x00000098   Code   RO         1196    i.MX_TIM3_Init      tim.o
    0x08009188   0x08009188   0x00000098   Code   RO         1197    i.MX_TIM4_Init      tim.o
    0x08009220   0x08009220   0x000000b8   Code   RO         1198    i.MX_TIM5_Init      tim.o
    0x080092d8   0x080092d8   0x000000dc   Code   RO         1199    i.MX_TIM8_Init      tim.o
    0x080093b4   0x080093b4   0x00000038   Code   RO         1271    i.MX_USART1_UART_Init  usart.o
    0x080093ec   0x080093ec   0x00000040   Code   RO         1272    i.MX_USART3_UART_Init  usart.o
    0x0800942c   0x0800942c   0x00000038   Code   RO         1273    i.MX_USART6_UART_Init  usart.o
    0x08009464   0x08009464   0x00000002   Code   RO         1720    i.MemManage_Handler  stm32f4xx_it.o
    0x08009466   0x08009466   0x00000002   Code   RO         1721    i.NMI_Handler       stm32f4xx_it.o
    0x08009468   0x08009468   0x00000060   Code   RO         2637    i.NUC_com_init      bsp_nuccom.o
    0x080094c8   0x080094c8   0x00000024   Code   RO         4680    i.OLED_com_reset    oled.o
    0x080094ec   0x080094ec   0x0000003c   Code   RO         4684    i.OLED_draw_point   oled.o
    0x08009528   0x08009528   0x00000038   Code   RO         4687    i.OLED_printf       oled.o
    0x08009560   0x08009560   0x00000024   Code   RO         4688    i.OLED_refresh_gram  oled.o
    0x08009584   0x08009584   0x0000003e   Code   RO         4689    i.OLED_set_pos      oled.o
    0x080095c2   0x080095c2   0x00000002   PAD
    0x080095c4   0x080095c4   0x00000068   Code   RO         4690    i.OLED_show_char    oled.o
    0x0800962c   0x0800962c   0x0000002e   Code   RO         4692    i.OLED_show_string  oled.o
    0x0800965a   0x0800965a   0x00000002   PAD
    0x0800965c   0x0800965c   0x000001f4   Code   RO         5124    i.OLS_Derivative    user_lib.o
    0x08009850   0x08009850   0x00000042   Code   RO         5125    i.OLS_Init          user_lib.o
    0x08009892   0x08009892   0x00000002   PAD
    0x08009894   0x08009894   0x0000000c   Code   RO         1722    i.OTG_FS_IRQHandler  stm32f4xx_it.o
    0x080098a0   0x080098a0   0x000000dc   Code   RO         5934    i.PCD_EP_OutXfrComplete_int  stm32f4xx_hal_pcd.o
    0x0800997c   0x0800997c   0x000000a2   Code   RO         5935    i.PCD_WriteEmptyTxFifo  stm32f4xx_hal_pcd.o
    0x08009a1e   0x08009a1e   0x00000002   PAD
    0x08009a20   0x08009a20   0x00000148   Code   RO         5765    i.PID_calc          pid.o
    0x08009b68   0x08009b68   0x00000040   Code   RO         5766    i.PID_clear         pid.o
    0x08009ba8   0x08009ba8   0x0000005c   Code   RO         5767    i.PID_init          pid.o
    0x08009c04   0x08009c04   0x0000044c   Code   RO         5810    i.PID_plus_Calculate  controller.o
    0x0800a050   0x0800a050   0x0000006e   Code   RO         5811    i.PID_plus_Init     controller.o
    0x0800a0be   0x0800a0be   0x00000002   PAD
    0x0800a0c0   0x0800a0c0   0x00000060   Code   RO         2456    i.RC_Init           bsp_rc.o
    0x0800a120   0x0800a120   0x0000003a   Code   RO         8723    i.RTC_EnterInitMode  stm32f4xx_hal_rtc.o
    0x0800a15a   0x0800a15a   0x00000002   PAD
    0x0800a15c   0x0800a15c   0x00000058   Code   RO         9118    i.SPI_EndRxTxTransaction  stm32f4xx_hal_spi.o
    0x0800a1b4   0x0800a1b4   0x00000094   Code   RO         9123    i.SPI_WaitFlagStateUntilTimeout  stm32f4xx_hal_spi.o
    0x0800a248   0x0800a248   0x00000018   Code   RO         1723    i.SysTick_Handler   stm32f4xx_it.o
    0x0800a260   0x0800a260   0x0000009c   Code   RO           14    i.SystemClock_Config  main.o
    0x0800a2fc   0x0800a2fc   0x00000054   Code   RO         1871    i.SystemInit        system_stm32f4xx.o
    0x0800a350   0x0800a350   0x000000c8   Code   RO         9481    i.TIM_Base_SetConfig  stm32f4xx_hal_tim.o
    0x0800a418   0x0800a418   0x0000001a   Code   RO         9482    i.TIM_CCxChannelCmd  stm32f4xx_hal_tim.o
    0x0800a432   0x0800a432   0x00000014   Code   RO         9492    i.TIM_ETR_SetConfig  stm32f4xx_hal_tim.o
    0x0800a446   0x0800a446   0x00000010   Code   RO         9493    i.TIM_ITRx_SetConfig  stm32f4xx_hal_tim.o
    0x0800a456   0x0800a456   0x00000002   PAD
    0x0800a458   0x0800a458   0x00000060   Code   RO         9494    i.TIM_OC1_SetConfig  stm32f4xx_hal_tim.o
    0x0800a4b8   0x0800a4b8   0x0000006c   Code   RO         9495    i.TIM_OC2_SetConfig  stm32f4xx_hal_tim.o
    0x0800a524   0x0800a524   0x00000068   Code   RO         9496    i.TIM_OC3_SetConfig  stm32f4xx_hal_tim.o
    0x0800a58c   0x0800a58c   0x00000050   Code   RO         9497    i.TIM_OC4_SetConfig  stm32f4xx_hal_tim.o
    0x0800a5dc   0x0800a5dc   0x0000002a   Code   RO         2742    i.TIM_Set_PWM       bsp_pwm.o
    0x0800a606   0x0800a606   0x00000022   Code   RO         9499    i.TIM_TI1_ConfigInputStage  stm32f4xx_hal_tim.o
    0x0800a628   0x0800a628   0x00000024   Code   RO         9501    i.TIM_TI2_ConfigInputStage  stm32f4xx_hal_tim.o
    0x0800a64c   0x0800a64c   0x000002ac   Code   RO        10370    i.UART_SetConfig    stm32f4xx_hal_uart.o
    0x0800a8f8   0x0800a8f8   0x00000064   Code   RO        10372    i.UART_WaitOnFlagUntilTimeout  stm32f4xx_hal_uart.o
    0x0800a95c   0x0800a95c   0x000000b4   Code   RO         4225    i.USART1_IRQHandler  nuccommu.o
    0x0800aa10   0x0800aa10   0x000000c8   Code   RO         3465    i.USART3_IRQHandler  remote_control.o
    0x0800aad8   0x0800aad8   0x00000098   Code   RO         3411    i.USART6_IRQHandler  referee_usart_task.o
    0x0800ab70   0x0800ab70   0x0000000e   Code   RO        12090    i.USBD_ClrClassConfig  usbd_core.o
    0x0800ab7e   0x0800ab7e   0x00000010   Code   RO        12293    i.USBD_CtlContinueRx  usbd_ioreq.o
    0x0800ab8e   0x0800ab8e   0x00000010   Code   RO        12294    i.USBD_CtlContinueSendData  usbd_ioreq.o
    0x0800ab9e   0x0800ab9e   0x00000016   Code   RO        12228    i.USBD_CtlError     usbd_ctlreq.o
    0x0800abb4   0x0800abb4   0x00000016   Code   RO        12296    i.USBD_CtlReceiveStatus  usbd_ioreq.o
    0x0800abca   0x0800abca   0x0000001a   Code   RO        12297    i.USBD_CtlSendData  usbd_ioreq.o
    0x0800abe4   0x0800abe4   0x00000016   Code   RO        12298    i.USBD_CtlSendStatus  usbd_ioreq.o
    0x0800abfa   0x0800abfa   0x000000e8   Code   RO        12229    i.USBD_GetDescriptor  usbd_ctlreq.o
    0x0800ace2   0x0800ace2   0x00000018   Code   RO         1388    i.USBD_Get_USB_Status  usbd_conf.o
    0x0800acfa   0x0800acfa   0x00000012   Code   RO         1389    i.USBD_LL_ClearStallEP  usbd_conf.o
    0x0800ad0c   0x0800ad0c   0x000000c6   Code   RO        12093    i.USBD_LL_DataInStage  usbd_core.o
    0x0800add2   0x0800add2   0x00000082   Code   RO        12094    i.USBD_LL_DataOutStage  usbd_core.o
    0x0800ae54   0x0800ae54   0x00000004   Code   RO        12095    i.USBD_LL_DevConnected  usbd_core.o
    0x0800ae58   0x0800ae58   0x00000016   Code   RO        12096    i.USBD_LL_DevDisconnected  usbd_core.o
    0x0800ae6e   0x0800ae6e   0x00000020   Code   RO         1396    i.USBD_LL_IsStallEP  usbd_conf.o
    0x0800ae8e   0x0800ae8e   0x00000004   Code   RO        12097    i.USBD_LL_IsoINIncomplete  usbd_core.o
    0x0800ae92   0x0800ae92   0x00000004   Code   RO        12098    i.USBD_LL_IsoOUTIncomplete  usbd_core.o
    0x0800ae96   0x0800ae96   0x00000018   Code   RO         1397    i.USBD_LL_OpenEP    usbd_conf.o
    0x0800aeae   0x0800aeae   0x00000012   Code   RO         1398    i.USBD_LL_PrepareReceive  usbd_conf.o
    0x0800aec0   0x0800aec0   0x00000050   Code   RO        12099    i.USBD_LL_Reset     usbd_core.o
    0x0800af10   0x0800af10   0x0000000c   Code   RO        12100    i.USBD_LL_Resume    usbd_core.o
    0x0800af1c   0x0800af1c   0x00000018   Code   RO        12101    i.USBD_LL_SOF       usbd_core.o
    0x0800af34   0x0800af34   0x00000006   Code   RO        12102    i.USBD_LL_SetSpeed  usbd_core.o
    0x0800af3a   0x0800af3a   0x00000012   Code   RO         1399    i.USBD_LL_SetUSBAddress  usbd_conf.o
    0x0800af4c   0x0800af4c   0x0000005a   Code   RO        12103    i.USBD_LL_SetupStage  usbd_core.o
    0x0800afa6   0x0800afa6   0x00000012   Code   RO         1400    i.USBD_LL_StallEP   usbd_conf.o
    0x0800afb8   0x0800afb8   0x00000012   Code   RO        12104    i.USBD_LL_Suspend   usbd_core.o
    0x0800afca   0x0800afca   0x00000012   Code   RO         1403    i.USBD_LL_Transmit  usbd_conf.o
    0x0800afdc   0x0800afdc   0x00000028   Code   RO        12231    i.USBD_ParseSetupRequest  usbd_ctlreq.o
    0x0800b004   0x0800b004   0x00000016   Code   RO        12107    i.USBD_SetClassConfig  usbd_core.o
    0x0800b01a   0x0800b01a   0x00000002   PAD
    0x0800b01c   0x0800b01c   0x00000084   Code   RO        12232    i.USBD_SetConfig    usbd_ctlreq.o
    0x0800b0a0   0x0800b0a0   0x00000112   Code   RO        12233    i.USBD_StdDevReq    usbd_ctlreq.o
    0x0800b1b2   0x0800b1b2   0x00000150   Code   RO        12234    i.USBD_StdEPReq     usbd_ctlreq.o
    0x0800b302   0x0800b302   0x0000004e   Code   RO        12235    i.USBD_StdItfReq    usbd_ctlreq.o
    0x0800b350   0x0800b350   0x00000080   Code   RO         6165    i.USB_ActivateEndpoint  stm32f4xx_ll_usb.o
    0x0800b3d0   0x0800b3d0   0x00000034   Code   RO         6167    i.USB_ActivateSetup  stm32f4xx_ll_usb.o
    0x0800b404   0x0800b404   0x00000118   Code   RO         6180    i.USB_EP0StartXfer  stm32f4xx_ll_usb.o
    0x0800b51c   0x0800b51c   0x00000058   Code   RO         6181    i.USB_EP0_OutStart  stm32f4xx_ll_usb.o
    0x0800b574   0x0800b574   0x00000058   Code   RO         6182    i.USB_EPClearStall  stm32f4xx_ll_usb.o
    0x0800b5cc   0x0800b5cc   0x00000058   Code   RO         6183    i.USB_EPSetStall    stm32f4xx_ll_usb.o
    0x0800b624   0x0800b624   0x000001e8   Code   RO         6184    i.USB_EPStartXfer   stm32f4xx_ll_usb.o
    0x0800b80c   0x0800b80c   0x00000024   Code   RO         6187    i.USB_FlushTxFifo   stm32f4xx_ll_usb.o
    0x0800b830   0x0800b830   0x0000001a   Code   RO         6189    i.USB_GetDevSpeed   stm32f4xx_ll_usb.o
    0x0800b84a   0x0800b84a   0x00000008   Code   RO         6191    i.USB_GetMode       stm32f4xx_ll_usb.o
    0x0800b852   0x0800b852   0x0000000e   Code   RO         6198    i.USB_ReadDevAllInEpInterrupt  stm32f4xx_ll_usb.o
    0x0800b860   0x0800b860   0x0000000e   Code   RO         6199    i.USB_ReadDevAllOutEpInterrupt  stm32f4xx_ll_usb.o
    0x0800b86e   0x0800b86e   0x00000024   Code   RO         6200    i.USB_ReadDevInEPInterrupt  stm32f4xx_ll_usb.o
    0x0800b892   0x0800b892   0x00000010   Code   RO         6201    i.USB_ReadDevOutEPInterrupt  stm32f4xx_ll_usb.o
    0x0800b8a2   0x0800b8a2   0x00000008   Code   RO         6202    i.USB_ReadInterrupts  stm32f4xx_ll_usb.o
    0x0800b8aa   0x0800b8aa   0x0000001c   Code   RO         6203    i.USB_ReadPacket    stm32f4xx_ll_usb.o
    0x0800b8c6   0x0800b8c6   0x00000022   Code   RO         6206    i.USB_SetDevAddress  stm32f4xx_ll_usb.o
    0x0800b8e8   0x0800b8e8   0x000000e8   Code   RO         6208    i.USB_SetTurnaroundTime  stm32f4xx_ll_usb.o
    0x0800b9d0   0x0800b9d0   0x00000024   Code   RO         6211    i.USB_WritePacket   stm32f4xx_ll_usb.o
    0x0800b9f4   0x0800b9f4   0x00000002   Code   RO         1725    i.UsageFault_Handler  stm32f4xx_it.o
    0x0800b9f6   0x0800b9f6   0x00000030   Code   RO        13322    i.__ARM_fpclassify  m_wm.l(fpclassify.o)
    0x0800ba26   0x0800ba26   0x00000026   Code   RO        13220    i.__ARM_fpclassifyf  m_wm.l(fpclassifyf.o)
    0x0800ba4c   0x0800ba4c   0x00000020   Code   RO         7221    i.__NVIC_SetPriority  stm32f4xx_hal_cortex.o
    0x0800ba6c   0x0800ba6c   0x00000118   Code   RO        12876    i.__hardfp_acosf    m_wm.l(acosf.o)
    0x0800bb84   0x0800bb84   0x0000012c   Code   RO        12888    i.__hardfp_asinf    m_wm.l(asinf.o)
    0x0800bcb0   0x0800bcb0   0x00000250   Code   RO        12900    i.__hardfp_atan2f   m_wm.l(atan2f.o)
    0x0800bf00   0x0800bf00   0x0000003a   Code   RO        12976    i.__hardfp_sqrtf    m_wm.l(sqrtf_full.o)
    0x0800bf3a   0x0800bf3a   0x00000006   Code   RO        13223    i.__mathlib_flt_infnan  m_wm.l(funder.o)
    0x0800bf40   0x0800bf40   0x00000006   Code   RO        13224    i.__mathlib_flt_infnan2  m_wm.l(funder.o)
    0x0800bf46   0x0800bf46   0x00000002   PAD
    0x0800bf48   0x0800bf48   0x00000010   Code   RO        13225    i.__mathlib_flt_invalid  m_wm.l(funder.o)
    0x0800bf58   0x0800bf58   0x00000010   Code   RO        13228    i.__mathlib_flt_underflow  m_wm.l(funder.o)
    0x0800bf68   0x0800bf68   0x0000000e   Code   RO        13086    i._is_digit         c_w.l(__printf_wp.o)
    0x0800bf76   0x0800bf76   0x00000002   PAD
    0x0800bf78   0x0800bf78   0x0000003c   Code   RO         2427    i.aRGB_led_show     bsp_led.o
    0x0800bfb4   0x0800bfb4   0x00000028   Code   RO         5433    i.append_CRC16_check_sum  crc8_crc16.o
    0x0800bfdc   0x0800bfdc   0x00000128   Code   RO         4993    i.bmi088_accel_init  bmi088driver.o
    0x0800c104   0x0800c104   0x000000fc   Code   RO         4994    i.bmi088_gyro_init  bmi088driver.o
    0x0800c200   0x0800c200   0x00000030   Code   RO         2329    i.bsp_I2C_master_transmit  bsp_i2c.o
    0x0800c230   0x0800c230   0x0000004c   Code   RO         2330    i.bsp_I2C_reset     bsp_i2c.o
    0x0800c27c   0x0800c27c   0x00000098   Code   RO         4318    i.calcGiveCurrent1  naive_shoot_task.o
    0x0800c314   0x0800c314   0x00000130   Code   RO         3914    i.calcPID           naive_gimbal_task.o
    0x0800c444   0x0800c444   0x00000058   Code   RO         2089    i.can_filter_init   bsp_can.o
    0x0800c49c   0x0800c49c   0x000000d4   Code   RO         2849    i.communication_task  communication_task.o
    0x0800c570   0x0800c570   0x00000028   Code   RO         2157    i.delay_init        bsp_delay.o
    0x0800c598   0x0800c598   0x00000050   Code   RO         2766    i.detect_hook       detect_task.o
    0x0800c5e8   0x0800c5e8   0x00000088   Code   RO         2767    i.detect_init       detect_task.o
    0x0800c670   0x0800c670   0x000000f8   Code   RO         2768    i.detect_task       detect_task.o
    0x0800c768   0x0800c768   0x000000b2   Code   RO         5814    i.f_Changing_Integration_Rate  controller.o
    0x0800c81a   0x0800c81a   0x00000002   PAD
    0x0800c81c   0x0800c81c   0x000000ba   Code   RO         5815    i.f_Derivative_On_Measurement  controller.o
    0x0800c8d6   0x0800c8d6   0x0000009a   Code   RO         5816    i.f_Integral_Limit  controller.o
    0x0800c970   0x0800c970   0x0000007c   Code   RO         5520    i.fifo_s_puts       fifo.o
    0x0800c9ec   0x0800c9ec   0x0000004e   Code   RO         5130    i.first_order_filter_cali  user_lib.o
    0x0800ca3a   0x0800ca3a   0x00000012   Code   RO         5131    i.first_order_filter_init  user_lib.o
    0x0800ca4c   0x0800ca4c   0x00000020   Code   RO         5132    i.float_constrain   user_lib.o
    0x0800ca6c   0x0800ca6c   0x00000022   Code   RO         5133    i.float_rounding    user_lib.o
    0x0800ca8e   0x0800ca8e   0x00000002   PAD
    0x0800ca90   0x0800ca90   0x00000208   Code   RO         3916    i.getControlAngles  naive_gimbal_task.o
    0x0800cc98   0x0800cc98   0x00000138   Code   RO         4319    i.getInstructionAndBuff  naive_shoot_task.o
    0x0800cdd0   0x0800cdd0   0x00000008   Code   RO         4453    i.getRobotPresentMode  robot_total_mode.o
    0x0800cdd8   0x0800cdd8   0x00000008   Code   RO         4320    i.getTriggerCurrentP  naive_shoot_task.o
    0x0800cde0   0x0800cde0   0x0000002c   Code   RO         5435    i.get_CRC16_check_sum  crc8_crc16.o
    0x0800ce0c   0x0800ce0c   0x00000008   Code   RO         3053    i.get_INS           ins_task.o
    0x0800ce14   0x0800ce14   0x0000000c   Code   RO         4321    i.get_fric          naive_shoot_task.o
    0x0800ce20   0x0800ce20   0x00000008   Code   RO         4227    i.get_nuc_control_point  nuccommu.o
    0x0800ce28   0x0800ce28   0x00000008   Code   RO         4533    i.get_pitch_gimbal_motor_measure_point  can_receive.o
    0x0800ce30   0x0800ce30   0x00000008   Code   RO         4534    i.get_refree_point  can_receive.o
    0x0800ce38   0x0800ce38   0x00000008   Code   RO         3466    i.get_remote_control_point  remote_control.o
    0x0800ce40   0x0800ce40   0x00000014   Code   RO         4535    i.get_shoot_motor_measure_point  can_receive.o
    0x0800ce54   0x0800ce54   0x00000008   Code   RO         4536    i.get_trigger_motor_measure_point  can_receive.o
    0x0800ce5c   0x0800ce5c   0x00000008   Code   RO         4537    i.get_yaw_gimbal_motor_measure_point  can_receive.o
    0x0800ce64   0x0800ce64   0x00000174   Code   RO         3919    i.gimbal_PID_calc   naive_gimbal_task.o
    0x0800cfd8   0x0800cfd8   0x000000d0   Code   RO         3920    i.gimbal_task       naive_gimbal_task.o
    0x0800d0a8   0x0800d0a8   0x00000150   Code   RO         3921    i.initGimbalCtrls   naive_gimbal_task.o
    0x0800d1f8   0x0800d1f8   0x0000002c   Code   RO         5371    i.invSqrt           quaternionekf.o
    0x0800d224   0x0800d224   0x00000010   Code   RO         2394    i.laser_on          bsp_laser.o
    0x0800d234   0x0800d234   0x00000118   Code   RO         3825    i.led_RGB_flow_task  led_flow_task.o
    0x0800d34c   0x0800d34c   0x00000038   Code   RO         3923    i.limitAnglesSecond  naive_gimbal_task.o
    0x0800d384   0x0800d384   0x00000098   Code   RO           15    i.main              main.o
    0x0800d41c   0x0800d41c   0x0000000c   Code   RO        11582    i.makeFreeRtosPriority  cmsis_os.o
    0x0800d428   0x0800d428   0x000000aa   Code   RO         3924    i.monitorRounds     naive_gimbal_task.o
    0x0800d4d2   0x0800d4d2   0x00000002   PAD
    0x0800d4d4   0x0800d4d4   0x000000ac   Code   RO         4322    i.monitorTriggerECDRound  naive_shoot_task.o
    0x0800d580   0x0800d580   0x00000010   Code   RO         4228    i.nuc_control_init  nuccommu.o
    0x0800d590   0x0800d590   0x00000020   Code   RO         4693    i.oled_write_byte   oled.o
    0x0800d5b0   0x0800d5b0   0x0000000e   Code   RO        11584    i.osDelay           cmsis_os.o
    0x0800d5be   0x0800d5be   0x0000000a   Code   RO        11587    i.osKernelStart     cmsis_os.o
    0x0800d5c8   0x0800d5c8   0x00000054   Code   RO        11621    i.osThreadCreate    cmsis_os.o
    0x0800d61c   0x0800d61c   0x00000078   Code   RO        11106    i.prvAddCurrentTaskToDelayedList  tasks.o
    0x0800d694   0x0800d694   0x000000d0   Code   RO        11107    i.prvAddNewTaskToReadyList  tasks.o
    0x0800d764   0x0800d764   0x00000058   Code   RO        11439    i.prvCheckForValidListAndQueue  timers.o
    0x0800d7bc   0x0800d7bc   0x00000026   Code   RO        10778    i.prvCopyDataFromQueue  queue.o
    0x0800d7e2   0x0800d7e2   0x0000006c   Code   RO        10779    i.prvCopyDataToQueue  queue.o
    0x0800d84e   0x0800d84e   0x00000034   Code   RO        11108    i.prvDeleteTCB      tasks.o
    0x0800d882   0x0800d882   0x00000002   PAD
    0x0800d884   0x0800d884   0x0000004c   Code   RO        11961    i.prvHeapInit       heap_4.o
    0x0800d8d0   0x0800d8d0   0x00000060   Code   RO        11109    i.prvIdleTask       tasks.o
    0x0800d930   0x0800d930   0x00000016   Code   RO        10781    i.prvInitialiseNewQueue  queue.o
    0x0800d946   0x0800d946   0x000000a0   Code   RO        11110    i.prvInitialiseNewTask  tasks.o
    0x0800d9e6   0x0800d9e6   0x00000002   PAD
    0x0800d9e8   0x0800d9e8   0x0000004c   Code   RO        11962    i.prvInsertBlockIntoFreeList  heap_4.o
    0x0800da34   0x0800da34   0x00000038   Code   RO        11441    i.prvInsertTimerInActiveList  timers.o
    0x0800da6c   0x0800da6c   0x0000001c   Code   RO        10782    i.prvIsQueueEmpty   queue.o
    0x0800da88   0x0800da88   0x000000cc   Code   RO        11442    i.prvProcessReceivedCommands  timers.o
    0x0800db54   0x0800db54   0x000000b4   Code   RO        11443    i.prvProcessTimerOrBlockTask  timers.o
    0x0800dc08   0x0800dc08   0x00000020   Code   RO        11111    i.prvResetNextTaskUnblockTime  tasks.o
    0x0800dc28   0x0800dc28   0x00000028   Code   RO        11444    i.prvSampleTimeNow  timers.o
    0x0800dc50   0x0800dc50   0x0000006c   Code   RO        11445    i.prvSwitchTimerLists  timers.o
    0x0800dcbc   0x0800dcbc   0x00000028   Code   RO        12011    i.prvTaskExitError  port.o
    0x0800dce4   0x0800dce4   0x00000024   Code   RO        11446    i.prvTimerTask      timers.o
    0x0800dd08   0x0800dd08   0x0000006a   Code   RO        10783    i.prvUnlockQueue    queue.o
    0x0800dd72   0x0800dd72   0x00000002   PAD
    0x0800dd74   0x0800dd74   0x000000d8   Code   RO        11963    i.pvPortMalloc      heap_4.o
    0x0800de4c   0x0800de4c   0x0000002c   Code   RO        12012    i.pxPortInitialiseStack  port.o
    0x0800de78   0x0800de78   0x00000034   Code   RO         3925    i.radFormat         naive_gimbal_task.o
    0x0800deac   0x0800deac   0x00000078   Code   RO         3926    i.refreshAngleStates  naive_gimbal_task.o
    0x0800df24   0x0800df24   0x00000010   Code   RO         3467    i.remote_control_init  remote_control.o
    0x0800df34   0x0800df34   0x0000000c   Code   RO         4454    i.robotIsAuto       robot_total_mode.o
    0x0800df40   0x0800df40   0x00000120   Code   RO         4455    i.robot_total_mode_task  robot_total_mode.o
    0x0800e060   0x0800e060   0x00000034   Code   RO         4229    i.sbus_to_nucCtrl   nuccommu.o
    0x0800e094   0x0800e094   0x000000b4   Code   RO         3468    i.sbus_to_rc        remote_control.o
    0x0800e148   0x0800e148   0x00000038   Code   RO         3859    i.servo_init        servo_task.o
    0x0800e180   0x0800e180   0x0000005c   Code   RO         3860    i.servo_task        servo_task.o
    0x0800e1dc   0x0800e1dc   0x00000084   Code   RO         4323    i.setSpeedByMode    naive_shoot_task.o
    0x0800e260   0x0800e260   0x00000010   Code   RO         4324    i.shootTaskTrggMonitor  naive_shoot_task.o
    0x0800e270   0x0800e270   0x00000168   Code   RO         4325    i.shoot_task        naive_shoot_task.o
    0x0800e3d8   0x0800e3d8   0x0000003e   Code   RO         2610    i.single_servo_ctrl  bsp_servo_pwm.o
    0x0800e416   0x0800e416   0x0000003e   Code   RO        12978    i.sqrtf             m_wm.l(sqrtf_full.o)
    0x0800e454   0x0800e454   0x00000010   Code   RO          411    i.start_INS_task    freertos.o
    0x0800e464   0x0800e464   0x00000018   Code   RO         2770    i.toe_is_error      detect_task.o
    0x0800e47c   0x0800e47c   0x00000070   Code   RO         4326    i.triggerModeChange  naive_shoot_task.o
    0x0800e4ec   0x0800e4ec   0x00000064   Code   RO         2564    i.usart1_tx_dma_enable  bsp_usart.o
    0x0800e550   0x0800e550   0x00000048   Code   RO         2565    i.usart1_tx_dma_init  bsp_usart.o
    0x0800e598   0x0800e598   0x00000026   Code   RO        10741    i.uxListRemove      list.o
    0x0800e5be   0x0800e5be   0x00000002   PAD
    0x0800e5c0   0x0800e5c0   0x00000020   Code   RO        11117    i.uxTaskGetStackHighWaterMark  tasks.o
    0x0800e5e0   0x0800e5e0   0x00000014   Code   RO          413    i.vApplicationGetIdleTaskMemory  freertos.o
    0x0800e5f4   0x0800e5f4   0x00000018   Code   RO          414    i.vApplicationGetTimerTaskMemory  freertos.o
    0x0800e60c   0x0800e60c   0x00000016   Code   RO        10742    i.vListInitialise   list.o
    0x0800e622   0x0800e622   0x00000006   Code   RO        10743    i.vListInitialiseItem  list.o
    0x0800e628   0x0800e628   0x00000030   Code   RO        10744    i.vListInsert       list.o
    0x0800e658   0x0800e658   0x00000018   Code   RO        10745    i.vListInsertEnd    list.o
    0x0800e670   0x0800e670   0x00000040   Code   RO        12014    i.vPortEnterCritical  port.o
    0x0800e6b0   0x0800e6b0   0x00000028   Code   RO        12015    i.vPortExitCritical  port.o
    0x0800e6d8   0x0800e6d8   0x0000005c   Code   RO        11964    i.vPortFree         heap_4.o
    0x0800e734   0x0800e734   0x00000024   Code   RO        12016    i.vPortSetupTimerInterrupt  port.o
    0x0800e758   0x0800e758   0x00000054   Code   RO        12017    i.vPortValidateInterruptPriority  port.o
    0x0800e7ac   0x0800e7ac   0x00000028   Code   RO        10787    i.vQueueAddToRegistry  queue.o
    0x0800e7d4   0x0800e7d4   0x00000044   Code   RO        10790    i.vQueueWaitForMessageRestricted  queue.o
    0x0800e818   0x0800e818   0x0000004c   Code   RO        11121    i.vTaskDelay        tasks.o
    0x0800e864   0x0800e864   0x00000010   Code   RO        11125    i.vTaskInternalSetTimeOutState  tasks.o
    0x0800e874   0x0800e874   0x0000000c   Code   RO        11126    i.vTaskMissedYield  tasks.o
    0x0800e880   0x0800e880   0x00000030   Code   RO        11128    i.vTaskPlaceOnEventList  tasks.o
    0x0800e8b0   0x0800e8b0   0x00000038   Code   RO        11129    i.vTaskPlaceOnEventListRestricted  tasks.o
    0x0800e8e8   0x0800e8e8   0x00000088   Code   RO        11136    i.vTaskStartScheduler  tasks.o
    0x0800e970   0x0800e970   0x00000010   Code   RO        11138    i.vTaskSuspendAll   tasks.o
    0x0800e980   0x0800e980   0x0000005c   Code   RO        11139    i.vTaskSwitchContext  tasks.o
    0x0800e9dc   0x0800e9dc   0x0000003c   Code   RO         5437    i.verify_CRC16_check_sum  crc8_crc16.o
    0x0800ea18   0x0800ea18   0x000000f4   Code   RO        12018    i.xPortStartScheduler  port.o
    0x0800eb0c   0x0800eb0c   0x0000002c   Code   RO        12019    i.xPortSysTickHandler  port.o
    0x0800eb38   0x0800eb38   0x00000066   Code   RO        10794    i.xQueueGenericCreateStatic  queue.o
    0x0800eb9e   0x0800eb9e   0x00000002   PAD
    0x0800eba0   0x0800eba0   0x00000088   Code   RO        10795    i.xQueueGenericReset  queue.o
    0x0800ec28   0x0800ec28   0x00000160   Code   RO        10796    i.xQueueGenericSend  queue.o
    0x0800ed88   0x0800ed88   0x000000bc   Code   RO        10797    i.xQueueGenericSendFromISR  queue.o
    0x0800ee44   0x0800ee44   0x00000138   Code   RO        10805    i.xQueueReceive     queue.o
    0x0800ef7c   0x0800ef7c   0x00000088   Code   RO        11141    i.xTaskCheckForTimeOut  tasks.o
    0x0800f004   0x0800f004   0x0000005a   Code   RO        11142    i.xTaskCreate       tasks.o
    0x0800f05e   0x0800f05e   0x00000056   Code   RO        11143    i.xTaskCreateStatic  tasks.o
    0x0800f0b4   0x0800f0b4   0x0000001c   Code   RO        11148    i.xTaskGetSchedulerState  tasks.o
    0x0800f0d0   0x0800f0d0   0x0000000c   Code   RO        11149    i.xTaskGetTickCount  tasks.o
    0x0800f0dc   0x0800f0dc   0x000000c8   Code   RO        11151    i.xTaskIncrementTick  tasks.o
    0x0800f1a4   0x0800f1a4   0x00000098   Code   RO        11154    i.xTaskPriorityDisinherit  tasks.o
    0x0800f23c   0x0800f23c   0x00000074   Code   RO        11156    i.xTaskRemoveFromEventList  tasks.o
    0x0800f2b0   0x0800f2b0   0x000000c4   Code   RO        11157    i.xTaskResumeAll    tasks.o
    0x0800f374   0x0800f374   0x00000060   Code   RO        11451    i.xTimerCreateTimerTask  timers.o
    0x0800f3d4   0x0800f3d4   0x00000068   Code   RO        11452    i.xTimerGenericCommand  timers.o
    0x0800f43c   0x0800f43c   0x0000002c   Code   RO        13368    locale$$code        c_w.l(lc_numeric_c.o)
    0x0800f468   0x0800f468   0x0000002c   Code   RO        13399    locale$$code        c_w.l(lc_ctype_c.o)
    0x0800f494   0x0800f494   0x000002c4   Code   RO        12850    x$fpl$d2f           g_wm.l(d2f_clz.o)
    0x0800f758   0x0800f758   0x00000018   Code   RO        13168    x$fpl$dcmpinf       g_wm.l(dcmpi.o)
    0x0800f770   0x0800f770   0x0000001a   Code   RO        12864    x$fpl$dfltn         g_wm.l(dflt_clz.o)
    0x0800f78a   0x0800f78a   0x00000002   PAD
    0x0800f78c   0x0800f78c   0x00000078   Code   RO        12868    x$fpl$dleqf         g_wm.l(dleqf.o)
    0x0800f804   0x0800f804   0x00000102   Code   RO        13172    x$fpl$dnaninf       g_wm.l(dnaninf.o)
    0x0800f906   0x0800f906   0x00000070   Code   RO        13174    x$fpl$drenorm       g_wm.l(drenorm_clz.o)
    0x0800f976   0x0800f976   0x0000000c   Code   RO        13176    x$fpl$dretinf       g_wm.l(dretinf.o)
    0x0800f982   0x0800f982   0x00000062   Code   RO        12872    x$fpl$drleqf        g_wm.l(drleqf.o)
    0x0800f9e4   0x0800f9e4   0x0000017a   Code   RO        13180    x$fpl$dunder        g_wm.l(dunder_clz.o)
    0x0800fb5e   0x0800fb5e   0x00000002   PAD
    0x0800fb60   0x0800fb60   0x000001ec   Code   RO        13182    x$fpl$exception     g_wm.l(except.o)
    0x0800fd4c   0x0800fd4c   0x0000007a   Code   RO        12874    x$fpl$f2d           g_wm.l(f2d.o)
    0x0800fdc6   0x0800fdc6   0x000000f2   Code   RO        13184    x$fpl$fnaninf       g_wm.l(fnaninf.o)
    0x0800feb8   0x0800feb8   0x0000000a   Code   RO        13318    x$fpl$fpinit        g_wm.l(fpinit.o)
    0x0800fec2   0x0800fec2   0x0000000a   Code   RO        13186    x$fpl$fretinf       g_wm.l(fretinf.o)
    0x0800fecc   0x0800fecc   0x0000013c   Code   RO        13188    x$fpl$funder        g_wm.l(funder_clz.o)
    0x08010008   0x08010008   0x00000020   Code   RO        13190    x$fpl$ieeestatus    g_wm.l(istatus.o)
    0x08010028   0x08010028   0x00000004   Code   RO        13192    x$fpl$printf1       g_wm.l(printf1.o)
    0x0801002c   0x0801002c   0x00000004   Code   RO        13194    x$fpl$printf2       g_wm.l(printf2.o)
    0x08010030   0x08010030   0x000000b2   Code   RO        13320    x$fpl$retnan        g_wm.l(retnan.o)
    0x080100e2   0x080100e2   0x0000007e   Code   RO        13200    x$fpl$trapveneer    g_wm.l(trapv.o)
    0x08010160   0x08010160   0x00000000   Code   RO        13202    x$fpl$usenofp       g_wm.l(usenofp.o)
    0x08010160   0x08010160   0x000000fc   Data   RO          416    .constdata          freertos.o
    0x0801025c   0x0801025c   0x00000010   Data   RO         1872    .constdata          system_stm32f4xx.o
    0x0801026c   0x0801026c   0x00000008   Data   RO         1873    .constdata          system_stm32f4xx.o
    0x08010274   0x08010274   0x0000005a   Data   RO         2772    .constdata          detect_task.o
    0x080102ce   0x080102ce   0x00000002   PAD
    0x080102d0   0x080102d0   0x00000030   Data   RO         3055    .constdata          ins_task.o
    0x08010300   0x08010300   0x00000008   Data   RO         3928    .constdata          naive_gimbal_task.o
    0x08010308   0x08010308   0x00000018   Data   RO         4328    .constdata          naive_shoot_task.o
    0x08010320   0x08010320   0x00000874   Data   RO         4695    .constdata          oled.o
    0x08010b94   0x08010b94   0x00000090   Data   RO         5373    .constdata          quaternionekf.o
    0x08010c24   0x08010c24   0x00000300   Data   RO         5440    .constdata          crc8_crc16.o
    0x08010f24   0x08010f24   0x00000008   Data   RO         6938    .constdata          stm32f4xx_hal_dma.o
    0x08010f2c   0x08010f2c   0x00000804   Data   RO        12736    .constdata          arm_cortexM4lf_math.lib(arm_common_tables.o)
    0x08011730   0x08011730   0x00000008   Data   RO        13045    .constdata          c_w.l(_printf_wctomb.o)
    0x08011738   0x08011738   0x00000028   Data   RO        13074    .constdata          c_w.l(_printf_hex_int_ll_ptr.o)
    0x08011760   0x08011760   0x00000011   Data   RO        13094    .constdata          c_w.l(__printf_flags_ss_wp.o)
    0x08011771   0x08011771   0x00000026   Data   RO        13294    .constdata          c_w.l(_printf_fp_hex.o)
    0x08011797   0x08011797   0x00000001   PAD
    0x08011798   0x08011798   0x00000094   Data   RO        13343    .constdata          c_w.l(bigflt0.o)
    0x0801182c   0x0801182c   0x00000064   Data   RO          417    .conststring        freertos.o
    0x08011890   0x08011890   0x00000020   Data   RO        13453    Region$$Table       anon$$obj.o
    0x080118b0   0x080118b0   0x0000001c   Data   RO        13367    locale$$data        c_w.l(lc_numeric_c.o)
    0x080118cc   0x080118cc   0x00000110   Data   RO        13398    locale$$data        c_w.l(lc_ctype_c.o)


    Execution Region RW_IRAM1 (Exec base: 0x20000000, Load base: 0x080119dc, Size: 0x0000d118, Max: 0x00020000, ABSOLUTE, COMPRESSED[0x000000a8])

    Exec Addr    Load Addr    Size         Type   Attr      Idx    E Section Name        Object

    0x20000000   COMPRESSED   0x00000024   Data   RW          418    .data               freertos.o
    0x20000024   COMPRESSED   0x00000004   Data   RW          767    .data               can.o
    0x20000028   COMPRESSED   0x00000008   Data   RW          814    .data               crc.o
    0x20000030   COMPRESSED   0x00000004   Data   RW         1874    .data               system_stm32f4xx.o
    0x20000034   COMPRESSED   0x00000008   Data   RW         2160    .data               bsp_delay.o
    0x2000003c   COMPRESSED   0x00000008   Data   RW         2428    .data               bsp_led.o
    0x20000044   COMPRESSED   0x00000004   PAD
    0x20000048   COMPRESSED   0x00000040   Data   RW         2674    .data               bsp_dwt.o
    0x20000088   COMPRESSED   0x0000000c   Data   RW         2773    .data               detect_task.o
    0x20000094   COMPRESSED   0x0000004c   Data   RW         3056    .data               ins_task.o
    0x200000e0   COMPRESSED   0x00000002   Data   RW         3415    .data               referee_usart_task.o
    0x200000e2   COMPRESSED   0x00000002   PAD
    0x200000e4   COMPRESSED   0x00000010   Data   RW         3473    .data               remote_control.o
    0x200000f4   COMPRESSED   0x0000001c   Data   RW         3826    .data               led_flow_task.o
    0x20000110   COMPRESSED   0x00000008   Data   RW         3862    .data               servo_task.o
    0x20000118   COMPRESSED   0x00000060   Data   RW         3929    .data               naive_gimbal_task.o
    0x20000178   COMPRESSED   0x0000000c   Data   RW         4233    .data               nuccommu.o
    0x20000184   COMPRESSED   0x00000004   PAD
    0x20000188   COMPRESSED   0x00000058   Data   RW         4329    .data               naive_shoot_task.o
    0x200001e0   COMPRESSED   0x00000014   Data   RW         4456    .data               robot_total_mode.o
    0x200001f4   COMPRESSED   0x00000048   Data   RW         4539    .data               can_receive.o
    0x2000023c   COMPRESSED   0x00000008   Data   RW         4696    .data               oled.o
    0x20000244   COMPRESSED   0x00000048   Data   RW         4996    .data               bmi088driver.o
    0x2000028c   COMPRESSED   0x00000004   Data   RW         5073    .data               bmi088middleware.o
    0x20000290   COMPRESSED   0x00000014   Data   RW         5143    .data               user_lib.o
    0x200002a4   COMPRESSED   0x00000004   Data   RW         5288    .data               kalman_filter.o
    0x200002a8   COMPRESSED   0x000000d4   Data   RW         5374    .data               quaternionekf.o
    0x2000037c   COMPRESSED   0x00000002   Data   RW         5441    .data               crc8_crc16.o
    0x2000037e   COMPRESSED   0x00000002   PAD
    0x20000380   COMPRESSED   0x0000000c   Data   RW         7365    .data               stm32f4xx_hal.o
    0x2000038c   COMPRESSED   0x0000003c   Data   RW        11160    .data               tasks.o
    0x200003c8   COMPRESSED   0x00000014   Data   RW        11460    .data               timers.o
    0x200003dc   COMPRESSED   0x00000018   Data   RW        11969    .data               heap_4.o
    0x200003f4   COMPRESSED   0x0000000c   Data   RW        12020    .data               port.o
    0x20000400   COMPRESSED   0x00000001   Data   RW        12236    .data               usbd_ctlreq.o
    0x20000401   COMPRESSED   0x00000003   PAD
    0x20000404        -       0x000006a8   Zero   RW          415    .bss                freertos.o
    0x20000aac        -       0x00000090   Zero   RW          718    .bss                adc.o
    0x20000b3c        -       0x00000050   Zero   RW          766    .bss                can.o
    0x20000b8c        -       0x0000015c   Zero   RW          882    .bss                i2c.o
    0x20000ce8        -       0x00000010   Zero   RW         1062    .bss                rng.o
    0x20000cf8        -       0x00000020   Zero   RW         1104    .bss                rtc.o
    0x20000d18        -       0x00000170   Zero   RW         1147    .bss                spi.o
    0x20000e88        -       0x00000180   Zero   RW         1200    .bss                tim.o
    0x20001008        -       0x000002a0   Zero   RW         1274    .bss                usart.o
    0x200012a8        -       0x00000408   Zero   RW         1404    .bss                usbd_conf.o
    0x200016b0        -       0x00000240   Zero   RW         2771    .bss                detect_task.o
    0x200018f0        -       0x00000028   Zero   RW         2850    .bss                communication_task.o
    0x20001918        -       0x00000148   Zero   RW         3054    .bss                ins_task.o
    0x20001a60        -       0x000008a1   Zero   RW         3414    .bss                referee_usart_task.o
    0x20002301        -       0x00000072   Zero   RW         3472    .bss                remote_control.o
    0x20002373   COMPRESSED   0x00000001   PAD
    0x20002374        -       0x00000048   Zero   RW         3861    .bss                servo_task.o
    0x200023bc        -       0x000001b0   Zero   RW         3927    .bss                naive_gimbal_task.o
    0x2000256c        -       0x00000054   Zero   RW         4232    .bss                nuccommu.o
    0x200025c0        -       0x000000ec   Zero   RW         4327    .bss                naive_shoot_task.o
    0x200026ac        -       0x00000104   Zero   RW         4538    .bss                can_receive.o
    0x200027b0        -       0x00000417   Zero   RW         4694    .bss                oled.o
    0x20002bc7   COMPRESSED   0x00000001   PAD
    0x20002bc8        -       0x00000040   Zero   RW         4995    .bss                bmi088driver.o
    0x20002c08        -       0x00000270   Zero   RW         5372    .bss                quaternionekf.o
    0x20002e78        -       0x00000040   Zero   RW        10808    .bss                queue.o
    0x20002eb8        -       0x000000f0   Zero   RW        11159    .bss                tasks.o
    0x20002fa8        -       0x00000110   Zero   RW        11459    .bss                timers.o
    0x200030b8        -       0x00006000   Zero   RW        11968    .bss                heap_4.o
    0x200090b8        -       0x00000060   Zero   RW        13253    .bss                c_w.l(libspace.o)
    0x20009118        -       0x00002000   Zero   RW            2    HEAP                startup_stm32f407xx.o
    0x2000b118        -       0x00002000   Zero   RW            1    STACK               startup_stm32f407xx.o


==============================================================================

Image component sizes


      Code (inc. data)   RO Data    RW Data    ZI Data      Debug   Object Name

       324         40          0          0        144       2302   adc.o
      2208        108          0         72         64      10921   bmi088driver.o
       100         30          0          4          0       3308   bmi088middleware.o
         0          0          0          0          0     600416   bsp_adc.o
        88          8          0          0          0        582   bsp_can.o
        40         14          0          8          0        661   bsp_delay.o
       448         68          0         64          0       4554   bsp_dwt.o
       528         64          0          0          0       4418   bsp_i2c.o
        16          4          0          0          0        451   bsp_laser.o
        60          8          0          8          0        616   bsp_led.o
        96         12          0          0          0       1119   bsp_nuccom.o
        42          0          0          0          0        914   bsp_pwm.o
        96         12          0          0          0       1014   bsp_rc.o
        62          0          0          0          0       1584   bsp_servo_pwm.o
       172         24          0          0          0       1625   bsp_usart.o
       388         42          0          4         80       2434   can.o
       748         90          0         72        260      10217   can_receive.o
       120          0          0          0          0      22293   cmsis_os.o
       212         10          0          0         40       2105   communication_task.o
      1728         12          0          0          0       7813   controller.o
        76         18          0          8          0       1487   crc.o
       144         16        768          2          0       3068   crc8_crc16.o
       488         36         90         12        576       4998   detect_task.o
       172          4          0          0          0        846   dma.o
         0          0          0          0          0      16364   event_groups.o
       124          0          0          0          0       7718   fifo.o
       276         20        352         36       1704      34469   freertos.o
       460         30          0          0          0       1227   gpio.o
       460         24          0         24      24576       4787   heap_4.o
       548         82          0          0        348     600036   i2c.o
      1876        124         48         76        328      13484   ins_task.o
      2222         20          0          4          0      22983   kalman_filter.o
       280          8          0         28          0       1645   led_flow_task.o
       138          0          0          0          0       3558   list.o
       310         16          0          0          0     775018   main.o
      2172        186          8         96        432     626374   naive_gimbal_task.o
      1310        106         24         88        236      14582   naive_shoot_task.o
       334         32          0         12         84       6059   nuccommu.o
       432         42       2164          8       1047       7644   oled.o
       484         18          0          0          0       3130   pid.o
       786         82          0         12          0      11957   port.o
      2856        172        144        212        624      10811   quaternionekf.o
      1500         20          0          0         64      14696   queue.o
       152         20          0          2       2209       4287   referee_usart_task.o
       404         38          0         16        114     587565   remote_control.o
        76         18          0          0         16       1487   rng.o
       308         64          0         20          0       4314   robot_total_mode.o
        80         18          0          0         32       1439   rtc.o
       148         16          0          8         72       4534   servo_task.o
       472         44          0          0        368       2576   spi.o
        64         26        392          0      16384        844   startup_stm32f407xx.o
       180         28          0         12          0       4581   stm32f4xx_hal.o
       712         28          0          0          0       2883   stm32f4xx_hal_adc.o
      1638          6          0          0          0      14287   stm32f4xx_hal_can.o
       234         24          0          0          0      34578   stm32f4xx_hal_cortex.o
        38          0          0          0          0       1055   stm32f4xx_hal_crc.o
       752         16          8          0          0       4080   stm32f4xx_hal_dma.o
       468         50          0          0          0       3600   stm32f4xx_hal_gpio.o
      1260         30          0          0          0       8933   stm32f4xx_hal_i2c.o
        56          4          0          0          0        838   stm32f4xx_hal_msp.o
      1986         18          0          0          0       9743   stm32f4xx_hal_pcd.o
         2          0          0          0          0        937   stm32f4xx_hal_pcd_ex.o
      1276         86          0          0          0       5632   stm32f4xx_hal_rcc.o
       316         20          0          0          0       1392   stm32f4xx_hal_rcc_ex.o
        50          0          0          0          0       1079   stm32f4xx_hal_rng.o
       284          6          0          0          0       2864   stm32f4xx_hal_rtc.o
       846          8          0          0          0       4741   stm32f4xx_hal_spi.o
      1356         90          0          0          0      13349   stm32f4xx_hal_tim.o
       150          0          0          0          0       2144   stm32f4xx_hal_tim_ex.o
      1068          8          0          0          0       4108   stm32f4xx_hal_uart.o
       146         42          0          0          0       8365   stm32f4xx_it.o
      1700         98          0          0          0      15575   stm32f4xx_ll_usb.o
        84         18         24          4          0       1159   system_stm32f4xx.o
      2168        162          0         60        240      24710   tasks.o
      1748        142          0          0        384       6671   tim.o
       912         82          0         20        272      26407   timers.o
         0          0          0          0          0       1492   transfer_function.o
       792         78          0          0        672       3579   usart.o
       362          4          0          0       1032      11861   usbd_conf.o
       628          0          0          0          0      10195   usbd_core.o
      1114         28          0          1          0       7247   usbd_ctlreq.o
       102          0          0          0          0       3808   usbd_ioreq.o
       728          4          0         20          0       8145   user_lib.o

    ----------------------------------------------------------------------
     49856       2926       4056       1028      52404    3723372   Object Totals
         0          0         32          0          0          0   (incl. Generated)
        72          0          2         15          2          0   (incl. Padding)

    ----------------------------------------------------------------------

      Code (inc. data)   RO Data    RW Data    ZI Data      Debug   Library Member Name

         0          0       2052          0          0       4636   arm_common_tables.o
       120         12          0          0          0      16970   arm_cos_f32.o
       264          0          0          0          0       1482   arm_mat_add_f32.o
         8          0          0          0          0        843   arm_mat_init_f32.o
      1328          4          0          0          0       2718   arm_mat_inverse_f32.o
       316          4          0          0          0       1627   arm_mat_mult_f32.o
       264          0          0          0          0       1482   arm_mat_sub_f32.o
       276          0          0          0          0       1516   arm_mat_trans_f32.o
       116         12          0          0          0        658   arm_sin_f32.o
        90          0          0          0          0          0   __dczerorl2.o
         8          0          0          0          0         68   __main.o
       392          4         17          0          0         92   __printf_flags_ss_wp.o
        14          0          0          0          0         68   __printf_wp.o
         0          0          0          0          0          0   __rtentry.o
        12          0          0          0          0          0   __rtentry2.o
         6          0          0          0          0          0   __rtentry4.o
        52          8          0          0          0          0   __scatter.o
        28          0          0          0          0          0   __scatter_zi.o
        48          4          0          0          0         84   _fptrap.o
         6          0          0          0          0          0   _printf_a.o
         6          0          0          0          0          0   _printf_c.o
        44          0          0          0          0        108   _printf_char.o
        48          6          0          0          0         96   _printf_char_common.o
        40          0          0          0          0         68   _printf_charcount.o
         6          0          0          0          0          0   _printf_d.o
       120         16          0          0          0         92   _printf_dec.o
         6          0          0          0          0          0   _printf_e.o
         6          0          0          0          0          0   _printf_f.o
      1054          0          0          0          0        216   _printf_fp_dec.o
       764          8         38          0          0        100   _printf_fp_hex.o
       128         16          0          0          0         84   _printf_fp_infnan.o
         6          0          0          0          0          0   _printf_g.o
       148          4         40          0          0        160   _printf_hex_int_ll_ptr.o
         6          0          0          0          0          0   _printf_i.o
       178          0          0          0          0         88   _printf_intcommon.o
        10          0          0          0          0          0   _printf_l.o
         6          0          0          0          0          0   _printf_lc.o
        10          0          0          0          0          0   _printf_ll.o
         6          0          0          0          0          0   _printf_lld.o
         6          0          0          0          0          0   _printf_lli.o
         6          0          0          0          0          0   _printf_llo.o
         6          0          0          0          0          0   _printf_llu.o
         6          0          0          0          0          0   _printf_llx.o
       124         16          0          0          0         92   _printf_longlong_dec.o
         6          0          0          0          0          0   _printf_ls.o
         6          0          0          0          0          0   _printf_n.o
         6          0          0          0          0          0   _printf_o.o
       112         10          0          0          0        124   _printf_oct_int_ll.o
         6          0          0          0          0          0   _printf_p.o
        78          0          0          0          0        108   _printf_pad.o
         0          0          0          0          0          0   _printf_percent.o
         4          0          0          0          0          0   _printf_percent_end.o
         6          0          0          0          0          0   _printf_s.o
        82          0          0          0          0         80   _printf_str.o
        36          0          0          0          0         84   _printf_truncate.o
         6          0          0          0          0          0   _printf_u.o
        44          0          0          0          0        108   _printf_wchar.o
       188          6          8          0          0         92   _printf_wctomb.o
         6          0          0          0          0          0   _printf_x.o
        22          0          0          0          0        100   _rserrno.o
        10          0          0          0          0         68   _sputc.o
        64          0          0          0          0         92   _wcrtomb.o
        16          0          0          0          0         68   aeabi_memset.o
       228          4        148          0          0         96   bigflt0.o
      1936        128          0          0          0        672   btod.o
        10          0          0          0          0         68   defsig_exit.o
       172        110          0          0          0         76   defsig_fpe_inner.o
        14          0          0          0          0         80   defsig_fpe_outer.o
        50          0          0          0          0         88   defsig_general.o
        80         58          0          0          0         76   defsig_rtmem_inner.o
        14          0          0          0          0         80   defsig_rtmem_outer.o
        18          0          0          0          0         80   exit.o
        94          0          0          0          0         80   h1_alloc.o
        52          0          0          0          0         68   h1_extend.o
        78          0          0          0          0         80   h1_free.o
        14          0          0          0          0         84   h1_init.o
         6          0          0          0          0        152   heapauxi.o
         4          0          0          0          0        136   hguard.o
         0          0          0          0          0          0   indicate_semi.o
       138          0          0          0          0        168   init_alloc.o
        44         10        272          0          0         76   lc_ctype_c.o
        44         10         28          0          0         76   lc_numeric_c.o
         2          0          0          0          0          0   libinit.o
        42          0          0          0          0          0   libinit2.o
         2          0          0          0          0          0   libshutdown.o
         2          0          0          0          0          0   libshutdown2.o
         8          4          0          0         96         68   libspace.o
       138          0          0          0          0         80   lludiv10.o
       238          0          0          0          0        100   lludivv7m.o
         0          0          0          0          0          0   maybetermalloc1.o
        16          4          0          0          0         76   rt_ctype_table.o
         8          4          0          0          0         68   rt_errno_addr_intlibspace.o
         8          4          0          0          0         68   rt_heap_descriptor_intlibspace.o
         8          4          0          0          0         68   rt_locale_intlibspace.o
        68          0          0          0          0         68   rt_memclr.o
        78          0          0          0          0         80   rt_memclr_w.o
       138          0          0          0          0         68   rt_memcpy_v6.o
       100          0          0          0          0         80   rt_memcpy_w.o
         2          0          0          0          0          0   rtexit.o
        10          0          0          0          0          0   rtexit2.o
       128          0          0          0          0         68   strcmpv7m.o
        12          4          0          0          0         68   sys_exit.o
        74          0          0          0          0         80   sys_stackheap_outer.o
        14          0          0          0          0         76   sys_wrch.o
         2          0          0          0          0         68   use_no_semi.o
        36          4          0          0          0         76   vsprintf.o
       708         16          0          0          0        140   d2f_clz.o
        24          0          0          0          0        116   dcmpi.o
        26          0          0          0          0        116   dflt_clz.o
       120          8          0          0          0        140   dleqf.o
       258          4          0          0          0        156   dnaninf.o
       112          0          0          0          0        160   drenorm_clz.o
        12          0          0          0          0        116   dretinf.o
        98          0          0          0          0        128   drleqf.o
       378          0          0          0          0        168   dunder_clz.o
       492         36          0          0          0        148   except.o
       122          8          0          0          0        132   f2d.o
       242          4          0          0          0        144   fnaninf.o
        10          0          0          0          0        116   fpinit.o
        10          0          0          0          0        116   fretinf.o
       316          0          0          0          0        132   funder_clz.o
        32          4          0          0          0        116   istatus.o
         4          0          0          0          0        116   printf1.o
         4          0          0          0          0        116   printf2.o
       178          0          0          0          0        116   retnan.o
       126          0          0          0          0        148   trapv.o
         0          0          0          0          0          0   usenofp.o
       280         46          0          0          0        176   acosf.o
       300         42          0          0          0        176   asinf.o
       592         90          0          0          0        184   atan2f.o
        48          0          0          0          0        124   fpclassify.o
        38          0          0          0          0        116   fpclassifyf.o
        44         12          0          0          0        464   funder.o
       120          0          0          0          0        272   sqrtf_full.o

    ----------------------------------------------------------------------
     15640        748       2604          0         96      41920   Library Totals
        30          0          1          0          0          0   (incl. Padding)

    ----------------------------------------------------------------------

      Code (inc. data)   RO Data    RW Data    ZI Data      Debug   Library Name

      2692         32       2052          0          0      31932   arm_cortexM4lf_math.lib
      8224        446        551          0         96       5836   c_w.l
      3272         80          0          0          0       2640   g_wm.l
      1422        190          0          0          0       1512   m_wm.l

    ----------------------------------------------------------------------
     15640        748       2604          0         96      41920   Library Totals

    ----------------------------------------------------------------------

==============================================================================


      Code (inc. data)   RO Data    RW Data    ZI Data      Debug   

     65496       3674       6660       1028      52500    3717764   Grand Totals
     65496       3674       6660        168      52500    3717764   ELF Image Totals (compressed)
     65496       3674       6660        168          0          0   ROM Totals

==============================================================================

    Total RO  Size (Code + RO Data)                72156 (  70.46kB)
    Total RW  Size (RW Data + ZI Data)             53528 (  52.27kB)
    Total ROM Size (Code + RO Data + RW Data)      72324 (  70.63kB)

==============================================================================

